Archive member included to satisfy reference by file (symbol)

/usr/lib/gcc/arm-none-eabi/13.2.1/thumb/v6-m/nofp/libgcc.a(_dvmd_tls.o)
                              CMakeFiles/motCon.dir/home/theo/projects/wasabi/pico/pico-sdk/src/rp2_common/pico_divider/divider_hardware.S.o (__aeabi_idiv0)
/usr/lib/gcc/arm-none-eabi/13.2.1/../../../arm-none-eabi/lib/thumb/v6-m/nofp/libg.a(libc_a-calloc.o)
                              CMakeFiles/motCon.dir/home/theo/projects/wasabi/pico/pico-sdk/src/rp2_common/pico_malloc/malloc.c.o (calloc)
/usr/lib/gcc/arm-none-eabi/13.2.1/../../../arm-none-eabi/lib/thumb/v6-m/nofp/libg.a(libc_a-impure.o)
                              /usr/lib/gcc/arm-none-eabi/13.2.1/../../../arm-none-eabi/lib/thumb/v6-m/nofp/libg.a(libc_a-calloc.o) (_impure_ptr)
/usr/lib/gcc/arm-none-eabi/13.2.1/../../../arm-none-eabi/lib/thumb/v6-m/nofp/libg.a(libc_a-callocr.o)
                              /usr/lib/gcc/arm-none-eabi/13.2.1/../../../arm-none-eabi/lib/thumb/v6-m/nofp/libg.a(libc_a-calloc.o) (_calloc_r)
/usr/lib/gcc/arm-none-eabi/13.2.1/../../../arm-none-eabi/lib/thumb/v6-m/nofp/libg.a(libc_a-realloc.o)
                              CMakeFiles/motCon.dir/home/theo/projects/wasabi/pico/pico-sdk/src/rp2_common/pico_malloc/malloc.c.o (realloc)
/usr/lib/gcc/arm-none-eabi/13.2.1/../../../arm-none-eabi/lib/thumb/v6-m/nofp/libg.a(libc_a-mallocr.o)
                              /usr/lib/gcc/arm-none-eabi/13.2.1/../../../arm-none-eabi/lib/thumb/v6-m/nofp/libg.a(libc_a-callocr.o) (_malloc_r)
/usr/lib/gcc/arm-none-eabi/13.2.1/../../../arm-none-eabi/lib/thumb/v6-m/nofp/libg.a(libc_a-freer.o)
                              /usr/lib/gcc/arm-none-eabi/13.2.1/../../../arm-none-eabi/lib/thumb/v6-m/nofp/libg.a(libc_a-mallocr.o) (_free_r)
/usr/lib/gcc/arm-none-eabi/13.2.1/../../../arm-none-eabi/lib/thumb/v6-m/nofp/libg.a(libc_a-memcmp.o)
                              CMakeFiles/motCon.dir/home/theo/projects/wasabi/pico/pico-sdk/src/rp2_common/pico_atomic/atomic.c.o (memcmp)
/usr/lib/gcc/arm-none-eabi/13.2.1/../../../arm-none-eabi/lib/thumb/v6-m/nofp/libg.a(libc_a-malloc.o)
                              CMakeFiles/motCon.dir/home/theo/projects/wasabi/pico/pico-sdk/src/rp2_common/pico_malloc/malloc.c.o (malloc)
/usr/lib/gcc/arm-none-eabi/13.2.1/../../../arm-none-eabi/lib/thumb/v6-m/nofp/libg.a(libc_a-sysconf.o)
                              /usr/lib/gcc/arm-none-eabi/13.2.1/../../../arm-none-eabi/lib/thumb/v6-m/nofp/libg.a(libc_a-mallocr.o) (sysconf)
/usr/lib/gcc/arm-none-eabi/13.2.1/../../../arm-none-eabi/lib/thumb/v6-m/nofp/libg.a(libc_a-init.o)
                              /usr/lib/gcc/arm-none-eabi/13.2.1/../../../arm-none-eabi/lib/thumb/v6-m/nofp/crt0.o (__libc_init_array)
/usr/lib/gcc/arm-none-eabi/13.2.1/../../../arm-none-eabi/lib/thumb/v6-m/nofp/libg.a(libc_a-reallocr.o)
                              /usr/lib/gcc/arm-none-eabi/13.2.1/../../../arm-none-eabi/lib/thumb/v6-m/nofp/libg.a(libc_a-realloc.o) (_realloc_r)
/usr/lib/gcc/arm-none-eabi/13.2.1/../../../arm-none-eabi/lib/thumb/v6-m/nofp/libg.a(libc_a-mktime.o)
                              CMakeFiles/motCon.dir/home/theo/projects/wasabi/pico/pico-sdk/src/common/pico_util/datetime.c.o (mktime)
/usr/lib/gcc/arm-none-eabi/13.2.1/../../../arm-none-eabi/lib/thumb/v6-m/nofp/libg.a(libc_a-mlock.o)
                              /usr/lib/gcc/arm-none-eabi/13.2.1/../../../arm-none-eabi/lib/thumb/v6-m/nofp/libg.a(libc_a-mallocr.o) (__malloc_lock)
/usr/lib/gcc/arm-none-eabi/13.2.1/../../../arm-none-eabi/lib/thumb/v6-m/nofp/libg.a(libc_a-findfp.o)
                              /usr/lib/gcc/arm-none-eabi/13.2.1/../../../arm-none-eabi/lib/thumb/v6-m/nofp/libg.a(libc_a-impure.o) (__sf)
/usr/lib/gcc/arm-none-eabi/13.2.1/../../../arm-none-eabi/lib/thumb/v6-m/nofp/libg.a(libc_a-tzlock.o)
                              /usr/lib/gcc/arm-none-eabi/13.2.1/../../../arm-none-eabi/lib/thumb/v6-m/nofp/libg.a(libc_a-mktime.o) (__tz_lock)
/usr/lib/gcc/arm-none-eabi/13.2.1/../../../arm-none-eabi/lib/thumb/v6-m/nofp/libg.a(libc_a-scanf.o)
                              CMakeFiles/motCon.dir/motCon.c.o (scanf)
/usr/lib/gcc/arm-none-eabi/13.2.1/../../../arm-none-eabi/lib/thumb/v6-m/nofp/libg.a(libc_a-atexit.o)
                              /usr/lib/gcc/arm-none-eabi/13.2.1/../../../arm-none-eabi/lib/thumb/v6-m/nofp/crt0.o (atexit)
/usr/lib/gcc/arm-none-eabi/13.2.1/../../../arm-none-eabi/lib/thumb/v6-m/nofp/libg.a(libc_a-lcltime_r.o)
                              CMakeFiles/motCon.dir/home/theo/projects/wasabi/pico/pico-sdk/src/common/pico_util/datetime.c.o (localtime_r)
/usr/lib/gcc/arm-none-eabi/13.2.1/../../../arm-none-eabi/lib/thumb/v6-m/nofp/libg.a(libc_a-vfscanf.o)
                              /usr/lib/gcc/arm-none-eabi/13.2.1/../../../arm-none-eabi/lib/thumb/v6-m/nofp/libg.a(libc_a-scanf.o) (_vfscanf_r)
/usr/lib/gcc/arm-none-eabi/13.2.1/../../../arm-none-eabi/lib/thumb/v6-m/nofp/libg.a(libc_a-strlen-stub.o)
[...]
Memory Configuration

Name             Origin             Length             Attributes
FLASH            0x10000000         0x00200000         xr
RAM              0x20000000         0x00040000         xrw
SCRATCH_X        0x20040000         0x00001000         xrw
SCRATCH_Y        0x20041000         0x00001000         xrw
*default*        0x00000000         0xffffffff

Linker script and memory map

LOAD /usr/lib/gcc/arm-none-eabi/13.2.1/thumb/v6-m/nofp/crti.o
LOAD /usr/lib/gcc/arm-none-eabi/13.2.1/thumb/v6-m/nofp/crtbegin.o
LOAD /usr/lib/gcc/arm-none-eabi/13.2.1/../../../arm-none-eabi/lib/thumb/v6-m/nofp/crt0.o

.flash_begin    0x10000000        0x0
                0x10000000                        __flash_binary_start = .

.boot2          0x10000000      0x100
                0x10000000                        __boot2_start__ = .
 *(.boot2)
 .boot2         0x10000000      0x100 pico-sdk/src/rp2040/boot_stage2/CMakeFiles/bs2_default_library.dir/bs2_default_padded_checksummed.S.o
                0x10000100                        __boot2_end__ = .
                0x00000001                        ASSERT (((__boot2_end__ - __boot2_start__) == 0x100), ERROR: Pico second stage bootloader must be 256 bytes in size)

.text           0x10000100     0x9e9c
                0x10000100                        __logical_binary_start = .
 *(.vectors)
 .vectors       0x10000100       0xd4 CMakeFiles/motCon.dir/home/theo/projects/wasabi/pico/pico-sdk/src/rp2_common/pico_crt0/crt0.S.o
                0x10000100                __vectors
                0x10000100                __VECTOR_TABLE
                0x100001c0                isr_invalid
                0x100001c0                __default_isrs_start
                0x100001c2                isr_nmi
                0x100001c4                isr_hardfault
                0x100001c6                isr_svcall
                0x100001c8                isr_pendsv
                0x100001ca                isr_systick
                0x100001cc                isr_irq30
                0x100001cc                __unhandled_user_irq
                0x100001cc                isr_irq13
                0x100001cc                isr_irq27
                0x100001cc                isr_irq31
                0x100001cc                isr_irq5
                0x100001cc                isr_irq11
                0x100001cc                isr_irq23
                0x100001cc                isr_irq18
                0x100001cc                isr_irq28
                0x100001cc                isr_irq19
                0x100001cc                isr_irq0
                0x100001cc                isr_irq6
                0x100001cc                isr_irq22
                0x100001cc                isr_irq17
                0x100001cc                isr_irq14
                0x100001cc                isr_irq2
                0x100001cc                isr_irq10
                0x100001cc                isr_irq8
                0x100001cc                isr_irq24
                0x100001cc                isr_irq1
                0x100001cc                isr_irq7
                0x100001cc                isr_irq21
                0x100001cc                isr_irq20
                0x100001cc                isr_irq15
                0x100001cc                isr_irq25
                0x100001cc                isr_irq4
                0x100001cc                isr_irq16
                0x100001cc                isr_irq29
                0x100001cc                isr_irq26
                0x100001cc                __default_isrs_end
                0x100001cc                isr_irq3
                0x100001cc                isr_irq12
                0x100001cc                isr_irq9
                0x100001d2                unhandled_user_irq_num_in_r0
 *(.binary_info_header)
 .binary_info_header
                0x100001d4       0x14 CMakeFiles/motCon.dir/home/theo/projects/wasabi/pico/pico-sdk/src/rp2_common/pico_crt0/crt0.S.o
                0x100001e8                        __binary_info_header_end = .
 *(.embedded_block)
                0x100001e8                        __embedded_block_end = .
 *(.reset)
 .reset         0x100001e8       0x9c CMakeFiles/motCon.dir/home/theo/projects/wasabi/pico/pico-sdk/src/rp2_common/pico_crt0/crt0.S.o
                0x100001e8                _entry_point
 *(.init)
 .init          0x10000284        0x4 /usr/lib/gcc/arm-none-eabi/13.2.1/thumb/v6-m/nofp/crti.o
                0x10000284                _init
 *(EXCLUDE_FILE(*libm.a: *libc.a:*lib_a-mem*.o *libgcc.a:) .text*)
 .text          0x10000288       0x98 /usr/lib/gcc/arm-none-eabi/13.2.1/thumb/v6-m/nofp/crtbegin.o
 .text.startup.main
                0x10000320      0x10c CMakeFiles/motCon.dir/motCon.c.o
                0x10000320                main
 .text.gpio_set_function
                0x1000042c       0x34 CMakeFiles/motCon.dir/home/theo/projects/wasabi/pico/pico-sdk/src/rp2_common/hardware_gpio/gpio.c.o
                0x1000042c                gpio_set_function
 .text.gpio_init
                0x10000460       0x40 CMakeFiles/motCon.dir/home/theo/projects/wasabi/pico/pico-sdk/src/rp2_common/hardware_gpio/gpio.c.o
                0x10000460                gpio_init
 .text.panic    0x100004a0       0x30 CMakeFiles/motCon.dir/home/theo/projects/wasabi/pico/pico-sdk/src/rp2_common/pico_platform_panic/panic.c.o
                0x100004a0                panic
 .text.hw_claim_or_assert
                0x100004d0       0x44 CMakeFiles/motCon.dir/home/theo/projects/wasabi/pico/pico-sdk/src/common/hardware_claim/claim.c.o
                0x100004d0                hw_claim_or_assert
 .text.next_striped_spin_lock_num
                0x10000514       0x18 CMakeFiles/motCon.dir/home/theo/projects/wasabi/pico/pico-sdk/src/rp2_common/hardware_sync/sync.c.o
                0x10000514                next_striped_spin_lock_num
 .text.spin_locks_reset
                0x1000052c       0x1c CMakeFiles/motCon.dir/home/theo/projects/wasabi/pico/pico-sdk/src/rp2_common/hardware_sync_spin_lock/sync_spin_lock.c.o
                0x1000052c                spin_locks_reset
 .text.runtime_init_per_core_irq_priorities
                0x10000548       0x24 CMakeFiles/motCon.dir/home/theo/projects/wasabi/pico/pico-sdk/src/rp2_common/hardware_irq/irq.c.o
                0x10000548                runtime_init_per_core_irq_priorities
 .text.irq_set_enabled
                0x1000056c       0x24 CMakeFiles/motCon.dir/home/theo/projects/wasabi/pico/pico-sdk/src/rp2_common/hardware_irq/irq.c.o
                0x1000056c                irq_set_enabled
 .text.irq_set_exclusive_handler
                0x10000590       0x54 CMakeFiles/motCon.dir/home/theo/projects/wasabi/pico/pico-sdk/src/rp2_common/hardware_irq/irq.c.o
                0x10000590                irq_set_exclusive_handler
 .text.irq_remove_handler
                0x100005e4      0x1d4 CMakeFiles/motCon.dir/home/theo/projects/wasabi/pico/pico-sdk/src/rp2_common/hardware_irq/irq.c.o
                0x100005e4                irq_remove_handler
 .text.irq_add_tail_to_free_list
                0x100007b8       0xb4 CMakeFiles/motCon.dir/home/theo/projects/wasabi/pico/pico-sdk/src/rp2_common/hardware_irq/irq.c.o
                0x100007b8                irq_add_tail_to_free_list
 .text.lock_init
                0x1000086c       0x10 CMakeFiles/motCon.dir/home/theo/projects/wasabi/pico/pico-sdk/src/common/pico_sync/lock_core.c.o
                0x1000086c                lock_init
 .text.runtime_init_mutex
                0x1000087c       0x50 CMakeFiles/motCon.dir/home/theo/projects/wasabi/pico/pico-sdk/src/common/pico_sync/mutex.c.o
                0x1000087c                runtime_init_mutex
 .text.sleep_until_callback
                0x100008cc       0x30 CMakeFiles/motCon.dir/home/theo/projects/wasabi/pico/pico-sdk/src/common/pico_time/time.c.o
 .text.alarm_pool_irq_handler
                0x100008fc      0x2fc CMakeFiles/motCon.dir/home/theo/projects/wasabi/pico/pico-sdk/src/common/pico_time/time.c.o
 .text.runtime_init_default_alarm_pool
                0x10000bf8       0xdc CMakeFiles/motCon.dir/home/theo/projects/wasabi/pico/pico-sdk/src/common/pico_time/time.c.o
                0x10000bf8                runtime_init_default_alarm_pool
 .text.alarm_pool_add_alarm_at_force_in_context
                0x10000cd4       0xb0 CMakeFiles/motCon.dir/home/theo/projects/wasabi/pico/pico-sdk/src/common/pico_time/time.c.o
                0x10000cd4                alarm_pool_add_alarm_at_force_in_context
 .text.alarm_pool_cancel_alarm
                0x10000d84       0x74 CMakeFiles/motCon.dir/home/theo/projects/wasabi/pico/pico-sdk/src/common/pico_time/time.c.o
                0x10000d84                alarm_pool_cancel_alarm
 .text.sleep_until
                0x10000df8       0xd8 CMakeFiles/motCon.dir/home/theo/projects/wasabi/pico/pico-sdk/src/common/pico_time/time.c.o
                0x10000df8                sleep_until
 .text.sleep_us
                0x10000ed0       0x28 CMakeFiles/motCon.dir/home/theo/projects/wasabi/pico/pico-sdk/src/common/pico_time/time.c.o
                0x10000ed0                sleep_us
 .text.best_effort_wfe_or_timeout
                0x10000ef8       0xf8 CMakeFiles/motCon.dir/home/theo/projects/wasabi/pico/pico-sdk/src/common/pico_time/time.c.o
                0x10000ef8                best_effort_wfe_or_timeout
 .text.timer_hardware_alarm_claim
                0x10000ff0       0x14 CMakeFiles/motCon.dir/home/theo/projects/wasabi/pico/pico-sdk/src/rp2_common/hardware_timer/timer.c.o
                0x10000ff0                timer_hardware_alarm_claim
 .text.timer_time_us_64
                0x10001004       0x10 CMakeFiles/motCon.dir/home/theo/projects/wasabi/pico/pico-sdk/src/rp2_common/hardware_timer/timer.c.o
                0x10001004                timer_time_us_64
 .text.time_us_64
                0x10001014       0x14 CMakeFiles/motCon.dir/home/theo/projects/wasabi/pico/pico-sdk/src/rp2_common/hardware_timer/timer.c.o
                0x10001014                time_us_64
 .text.busy_wait_us
                0x10001028       0x68 CMakeFiles/motCon.dir/home/theo/projects/wasabi/pico/pico-sdk/src/rp2_common/hardware_timer/timer.c.o
                0x10001028                busy_wait_us
 .text.busy_wait_until
                0x10001090       0x20 CMakeFiles/motCon.dir/home/theo/projects/wasabi/pico/pico-sdk/src/rp2_common/hardware_timer/timer.c.o
                0x10001090                busy_wait_until
 .text.uart_init
                0x100010b0      0x120 CMakeFiles/motCon.dir/home/theo/projects/wasabi/pico/pico-sdk/src/rp2_common/hardware_uart/uart.c.o
                0x100010b0                uart_init
 .text.clock_configure_int_divider
                0x100011d0       0xf4 CMakeFiles/motCon.dir/home/theo/projects/wasabi/pico/pico-sdk/src/rp2_common/hardware_clocks/clocks.c.o
                0x100011d0                clock_configure_int_divider
 .text.clock_configure_undivided
                0x100012c4       0xe8 CMakeFiles/motCon.dir/home/theo/projects/wasabi/pico/pico-sdk/src/rp2_common/hardware_clocks/clocks.c.o
                0x100012c4                clock_configure_undivided
 .text.clock_get_hz
                0x100013ac        0xc CMakeFiles/motCon.dir/home/theo/projects/wasabi/pico/pico-sdk/src/rp2_common/hardware_clocks/clocks.c.o
                0x100013ac                clock_get_hz
 .text.pll_init
                0x100013b8       0xa4 CMakeFiles/motCon.dir/home/theo/projects/wasabi/pico/pico-sdk/src/rp2_common/hardware_pll/pll.c.o
                0x100013b8                pll_init
 .text.tick_start
                0x1000145c       0x10 CMakeFiles/motCon.dir/home/theo/projects/wasabi/pico/pico-sdk/src/rp2_common/hardware_ticks/ticks.c.o
                0x1000145c                tick_start
 .text.rom_func_lookup
                0x1000146c       0x10 CMakeFiles/motCon.dir/home/theo/projects/wasabi/pico/pico-sdk/src/rp2_common/pico_bootrom/bootrom.c.o
                0x1000146c                rom_func_lookup
 .text.rom_data_lookup
                0x1000147c       0x10 CMakeFiles/motCon.dir/home/theo/projects/wasabi/pico/pico-sdk/src/rp2_common/pico_bootrom/bootrom.c.o
                0x1000147c                rom_data_lookup
 .text.rom_funcs_lookup
                0x1000148c       0x44 CMakeFiles/motCon.dir/home/theo/projects/wasabi/pico/pico-sdk/src/rp2_common/pico_bootrom/bootrom.c.o
                0x1000148c                rom_funcs_lookup
 .text.xosc_init
                0x100014d0       0x28 CMakeFiles/motCon.dir/home/theo/projects/wasabi/pico/pico-sdk/src/rp2_common/hardware_xosc/xosc.c.o
                0x100014d0                xosc_init
 .text.first_per_core_initializer
                0x100014f8        0x4 CMakeFiles/motCon.dir/home/theo/projects/wasabi/pico/pico-sdk/src/rp2_common/pico_runtime/runtime.c.o
 .text.hard_assertion_failure
                0x100014fc        0xc CMakeFiles/motCon.dir/home/theo/projects/wasabi/pico/pico-sdk/src/rp2_common/pico_runtime/runtime.c.o
                0x100014fc                hard_assertion_failure
 .text.runtime_run_initializers
                0x10001508       0x28 CMakeFiles/motCon.dir/home/theo/projects/wasabi/pico/pico-sdk/src/rp2_common/pico_runtime/runtime.c.o
                0x10001508                runtime_run_initializers
 .text.runtime_init_early_resets
                0x10001530       0x2c CMakeFiles/motCon.dir/home/theo/projects/wasabi/pico/pico-sdk/src/rp2_common/pico_runtime_init/runtime_init.c.o
                0x10001530                runtime_init_early_resets
 .text.runtime_init_usb_power_down
                0x1000155c       0x1c CMakeFiles/motCon.dir/home/theo/projects/wasabi/pico/pico-sdk/src/rp2_common/pico_runtime_init/runtime_init.c.o
                0x1000155c                runtime_init_usb_power_down
 .text.runtime_init_post_clock_resets
                0x10001578       0x20 CMakeFiles/motCon.dir/home/theo/projects/wasabi/pico/pico-sdk/src/rp2_common/pico_runtime_init/runtime_init.c.o
                0x10001578                runtime_init_post_clock_resets
 .text.runtime_init_rp2040_gpio_ie_disable
                0x10001598       0x14 CMakeFiles/motCon.dir/home/theo/projects/wasabi/pico/pico-sdk/src/rp2_common/pico_runtime_init/runtime_init.c.o
                0x10001598                runtime_init_rp2040_gpio_ie_disable
 .text.runtime_init_spin_locks_reset
                0x100015ac        0x8 CMakeFiles/motCon.dir/home/theo/projects/wasabi/pico/pico-sdk/src/rp2_common/pico_runtime_init/runtime_init.c.o
                0x100015ac                runtime_init_spin_locks_reset
 .text.runtime_init_install_ram_vector_table
                0x100015b4       0x1c CMakeFiles/motCon.dir/home/theo/projects/wasabi/pico/pico-sdk/src/rp2_common/pico_runtime_init/runtime_init.c.o
                0x100015b4                runtime_init_install_ram_vector_table
 .text.runtime_init_clocks
                0x100015d0       0xd8 CMakeFiles/motCon.dir/home/theo/projects/wasabi/pico/pico-sdk/src/rp2_common/pico_runtime_init/runtime_init_clocks.c.o
                0x100015d0                runtime_init_clocks
 .text          0x100016a8       0x10 CMakeFiles/motCon.dir/home/theo/projects/wasabi/pico/pico-sdk/src/rp2_common/pico_bit_ops/bit_ops_aeabi.S.o
 .text.__wrap___aeabi_idiv
                0x100016b8       0x50 CMakeFiles/motCon.dir/home/theo/projects/wasabi/pico/pico-sdk/src/rp2_common/pico_divider/divider_hardware.S.o
                0x100016b8                __wrap___aeabi_idivmod
                0x100016b8                divmod_s32s32
                0x100016b8                div_s32s32
                0x100016b8                __wrap___aeabi_idiv
                0x100016c0                divmod_s32s32_unsafe
                0x100016ec                divmod_s32s32_savestate
 .text.__wrap___aeabi_uidiv
                0x10001708       0x4c CMakeFiles/motCon.dir/home/theo/projects/wasabi/pico/pico-sdk/src/rp2_common/pico_divider/divider_hardware.S.o
                0x10001708                __wrap___aeabi_uidiv
                0x10001708                __wrap___aeabi_uidivmod
                0x10001708                div_u32u32
                0x10001708                divmod_u32u32
                0x10001710                divmod_u32u32_unsafe
                0x10001738                divmod_u32u32_savestate
 .text.__wrap___aeabi_ldiv
                0x10001754      0x424 CMakeFiles/motCon.dir/home/theo/projects/wasabi/pico/pico-sdk/src/rp2_common/pico_divider/divider_hardware.S.o
                0x10001754                div_s64s64
                0x10001754                divmod_s64s64
                0x10001754                __wrap___aeabi_ldivmod
                0x10001784                div_u64u64
                0x10001784                divmod_u64u64
                0x10001784                __wrap___aeabi_uldivmod
                0x10001794                divmod_u64u64_savestate
                0x100017b4                divmod_s64s64_unsafe
                0x1000183c                divmod_u64u64_unsafe
 .text.__wrap___aeabi_darithmetic
                0x10001b78       0x80 CMakeFiles/motCon.dir/home/theo/projects/wasabi/pico/pico-sdk/src/rp2_common/pico_double/double_aeabi_rp2040.S.o
                0x10001b78                __wrap___aeabi_drsub
                0x10001b7e                __wrap___aeabi_dsub
                0x10001b90                __wrap___aeabi_dadd
                0x10001ba2                __wrap___aeabi_ddiv
                0x10001bde                __wrap___aeabi_dmul
 .text.__wrap___aeabi_cdcmple
                0x10001bf8       0x6c CMakeFiles/motCon.dir/home/theo/projects/wasabi/pico/pico-sdk/src/rp2_common/pico_double/double_aeabi_rp2040.S.o
                0x10001bf8                __wrap___aeabi_cdrcmple
                0x10001c08                __wrap___aeabi_cdcmple
                0x10001c08                __wrap___aeabi_cdcmpeq
 .text.__wrap___aeabi_dcmpeq
                0x10001c64       0x10 CMakeFiles/motCon.dir/home/theo/projects/wasabi/pico/pico-sdk/src/rp2_common/pico_double/double_aeabi_rp2040.S.o
                0x10001c64                __wrap___aeabi_dcmpeq
 .text.__wrap___aeabi_dcmplt
                0x10001c74        0xc CMakeFiles/motCon.dir/home/theo/projects/wasabi/pico/pico-sdk/src/rp2_common/pico_double/double_aeabi_rp2040.S.o
                0x10001c74                __wrap___aeabi_dcmplt
 .text.__wrap___aeabi_dcmple
                0x10001c80       0x10 CMakeFiles/motCon.dir/home/theo/projects/wasabi/pico/pico-sdk/src/rp2_common/pico_double/double_aeabi_rp2040.S.o
                0x10001c80                __wrap___aeabi_dcmple
 .text.__wrap___aeabi_dcmpge
                0x10001c90       0x10 CMakeFiles/motCon.dir/home/theo/projects/wasabi/pico/pico-sdk/src/rp2_common/pico_double/double_aeabi_rp2040.S.o
                0x10001c90                __wrap___aeabi_dcmpge
 .text.__wrap___aeabi_dcmpgt
                0x10001ca0        0xa CMakeFiles/motCon.dir/home/theo/projects/wasabi/pico/pico-sdk/src/rp2_common/pico_double/double_aeabi_rp2040.S.o
                0x10001ca0                __wrap___aeabi_dcmpgt
 .text.__wrap___aeabi_dcmpun
                0x10001caa       0x18 CMakeFiles/motCon.dir/home/theo/projects/wasabi/pico/pico-sdk/src/rp2_common/pico_double/double_aeabi_rp2040.S.o
                0x10001caa                __wrap___aeabi_dcmpun
 *fill*         0x10001cc2        0x2 
 .text.__wrap___aeabi_i2d
                0x10001cc4       0x38 CMakeFiles/motCon.dir/home/theo/projects/wasabi/pico/pico-sdk/src/rp2_common/pico_double/double_aeabi_rp2040.S.o
                0x10001cc4                __wrap___aeabi_ui2d
                0x10001cc4                uint2double
                0x10001ccc                __wrap___aeabi_i2d
                0x10001ccc                int2double
 .text.__wrap___aeabi_d2iz
                0x10001cfc       0x48 CMakeFiles/motCon.dir/home/theo/projects/wasabi/pico/pico-sdk/src/rp2_common/pico_double/double_aeabi_rp2040.S.o
                0x10001cfc                __wrap___aeabi_d2iz
                0x10001cfc                double2int_z
 .text.__wrap___aeabi_d2uiz
                0x10001d44       0x18 CMakeFiles/motCon.dir/home/theo/projects/wasabi/pico/pico-sdk/src/rp2_common/pico_double/double_aeabi_rp2040.S.o
                0x10001d44                double2uint_z
                0x10001d44                double2uint
                0x10001d44                __wrap___aeabi_d2uiz
 .text.__wrap___aeabi_l2d
                0x10001d5c       0x18 CMakeFiles/motCon.dir/home/theo/projects/wasabi/pico/pico-sdk/src/rp2_common/pico_double/double_aeabi_rp2040.S.o
                0x10001d5c                __wrap___aeabi_l2d
                0x10001d5c                int642double
 .text.__wrap___aeabi_d2lz
                0x10001d74       0x26 CMakeFiles/motCon.dir/home/theo/projects/wasabi/pico/pico-sdk/src/rp2_common/pico_double/double_aeabi_rp2040.S.o
                0x10001d74                __wrap___aeabi_d2lz
                0x10001d74                double2int64_z
 *fill*         0x10001d9a        0x2 
 .text.double2int64
                0x10001d9c       0x18 CMakeFiles/motCon.dir/home/theo/projects/wasabi/pico/pico-sdk/src/rp2_common/pico_double/double_aeabi_rp2040.S.o
                0x10001d9c                double2int64
 .text.double2ufix64
                0x10001db4       0x18 CMakeFiles/motCon.dir/home/theo/projects/wasabi/pico/pico-sdk/src/rp2_common/pico_double/double_aeabi_rp2040.S.o
                0x10001db4                double2ufix64
                0x10001db4                double2ufix64_z
 .text.__wrap___aeabi_d2f
                0x10001dcc       0x18 CMakeFiles/motCon.dir/home/theo/projects/wasabi/pico/pico-sdk/src/rp2_common/pico_double/double_aeabi_rp2040.S.o
                0x10001dcc                __wrap___aeabi_d2f
 .text.__aeabi_double_init
                0x10001de4       0xa4 CMakeFiles/motCon.dir/home/theo/projects/wasabi/pico/pico-sdk/src/rp2_common/pico_double/double_init_rom_rp2040.c.o
                0x10001de4                __aeabi_double_init
 .text.double_table_shim_on_use_helper
                0x10001e88       0x2c CMakeFiles/motCon.dir/home/theo/projects/wasabi/pico/pico-sdk/src/rp2_common/pico_double/double_v1_rom_shim_rp2040.S.o
                0x10001e88                double_table_shim_on_use_helper
 .text.__wrap___aeabi_dsub
                0x10001eb4       0x10 CMakeFiles/motCon.dir/home/theo/projects/wasabi/pico/pico-sdk/src/rp2_common/pico_double/double_v1_rom_shim_rp2040.S.o
                0x10001eb4                drsub_shim
                0x10001eba                dsub_shim
 .text.dadd_shim
                0x10001ec4      0x15c CMakeFiles/motCon.dir/home/theo/projects/wasabi/pico/pico-sdk/src/rp2_common/pico_double/double_v1_rom_shim_rp2040.S.o
                0x10001ec4                dadd_shim
 .text.dmul_shim
                0x10002020      0x15c CMakeFiles/motCon.dir/home/theo/projects/wasabi/pico/pico-sdk/src/rp2_common/pico_double/double_v1_rom_shim_rp2040.S.o
                0x10002020                dmul_shim
 .text.ddiv_shim
                0x1000217c      0x1b0 CMakeFiles/motCon.dir/home/theo/projects/wasabi/pico/pico-sdk/src/rp2_common/pico_double/double_v1_rom_shim_rp2040.S.o
                0x1000217c                ddiv_shim
 .text.double2uint_shim
                0x1000232c        0xe CMakeFiles/motCon.dir/home/theo/projects/wasabi/pico/pico-sdk/src/rp2_common/pico_double/double_v1_rom_shim_rp2040.S.o
                0x1000232c                double2uint_shim
                0x1000232e                double2ufix_shim
 .text.double2int64_shim
                0x1000233a       0x1a CMakeFiles/motCon.dir/home/theo/projects/wasabi/pico/pico-sdk/src/rp2_common/pico_double/double_v1_rom_shim_rp2040.S.o
                0x1000233a                double2int64_shim
                0x1000233c                double2fix64_shim
 .text.double2uint64_shim
                0x10002354       0x70 CMakeFiles/motCon.dir/home/theo/projects/wasabi/pico/pico-sdk/src/rp2_common/pico_double/double_v1_rom_shim_rp2040.S.o
                0x10002354                double2uint64_shim
                0x10002356                double2ufix64_shim
                0x10002376                d2fix_a
 .text.double2float_shim
                0x100023c4       0x5c CMakeFiles/motCon.dir/home/theo/projects/wasabi/pico/pico-sdk/src/rp2_common/pico_double/double_v1_rom_shim_rp2040.S.o
                0x100023c4                double2float_shim
 .text.x2double_shims
                0x10002420       0x90 CMakeFiles/motCon.dir/home/theo/projects/wasabi/pico/pico-sdk/src/rp2_common/pico_double/double_v1_rom_shim_rp2040.S.o
                0x10002420                uint2double_shim
                0x10002422                ufix2double_shim
                0x10002428                int2double_shim
                0x1000242a                fix2double_shim
                0x10002430                uint642double_shim
                0x10002432                ufix642double_shim
                0x10002438                int642double_shim
                0x1000243a                fix642double_shim
 .text.dunpacks
                0x100024b0       0x3c CMakeFiles/motCon.dir/home/theo/projects/wasabi/pico/pico-sdk/src/rp2_common/pico_double/double_v1_rom_shim_rp2040.S.o
                0x100024b0                dunpacks
 .text.__aeabi_lmul
                0x100024ec       0x32 CMakeFiles/motCon.dir/home/theo/projects/wasabi/pico/pico-sdk/src/rp2_common/pico_int64_ops/pico_int64_ops_aeabi.S.o
                0x100024ec                __wrap___aeabi_lmul
 *fill*         0x1000251e        0x2 
 .text.__wrap___aeabi_cfcmple
                0x10002520       0x50 CMakeFiles/motCon.dir/home/theo/projects/wasabi/pico/pico-sdk/src/rp2_common/pico_float/float_aeabi_rp2040.S.o
                0x10002520                __wrap___aeabi_cfrcmple
                0x1000252c                __wrap___aeabi_cfcmpeq
                0x1000252c                __wrap___aeabi_cfcmple
 .text.__wrap___aeabi_fcmple
                0x10002570       0x10 CMakeFiles/motCon.dir/home/theo/projects/wasabi/pico/pico-sdk/src/rp2_common/pico_float/float_aeabi_rp2040.S.o
                0x10002570                __wrap___aeabi_fcmple
 .text.__wrap___aeabi_fcmpun
                0x10002580       0x18 CMakeFiles/motCon.dir/home/theo/projects/wasabi/pico/pico-sdk/src/rp2_common/pico_float/float_aeabi_rp2040.S.o
                0x10002580                __wrap___aeabi_fcmpun
 .text.__aeabi_float_init
                0x10002598       0x64 CMakeFiles/motCon.dir/home/theo/projects/wasabi/pico/pico-sdk/src/rp2_common/pico_float/float_init_rom_rp2040.c.o
                0x10002598                __aeabi_float_init
 .text.float_table_shim_on_use_helper
                0x100025fc       0x2c CMakeFiles/motCon.dir/home/theo/projects/wasabi/pico/pico-sdk/src/rp2_common/pico_float/float_v1_rom_shim_rp2040.S.o
                0x100025fc                float_table_shim_on_use_helper
 .text          0x10002628       0x10 CMakeFiles/motCon.dir/home/theo/projects/wasabi/pico/pico-sdk/src/rp2_common/pico_mem_ops/mem_ops_aeabi.S.o
                0x10002628                __aeabi_mem_init
 .text.memset   0x10002638        0xc CMakeFiles/motCon.dir/home/theo/projects/wasabi/pico/pico-sdk/src/rp2_common/pico_mem_ops/mem_ops_aeabi.S.o
                0x10002638                __wrap_memset
 .text.memcpy   0x10002644        0xc CMakeFiles/motCon.dir/home/theo/projects/wasabi/pico/pico-sdk/src/rp2_common/pico_mem_ops/mem_ops_aeabi.S.o
                0x10002644                __wrap___aeabi_memcpy
                0x10002644                __wrap_memcpy
 .text._out_buffer
                0x10002650        0x8 CMakeFiles/motCon.dir/home/theo/projects/wasabi/pico/pico-sdk/src/rp2_common/pico_printf/printf.c.o
 .text._out_null
                0x10002658        0x4 CMakeFiles/motCon.dir/home/theo/projects/wasabi/pico/pico-sdk/src/rp2_common/pico_printf/printf.c.o
 .text._out_rev
                0x1000265c       0xac CMakeFiles/motCon.dir/home/theo/projects/wasabi/pico/pico-sdk/src/rp2_common/pico_printf/printf.c.o
 .text._ntoa_format
                0x10002708      0x250 CMakeFiles/motCon.dir/home/theo/projects/wasabi/pico/pico-sdk/src/rp2_common/pico_printf/printf.c.o
 .text._out_char
                0x10002958       0x10 CMakeFiles/motCon.dir/home/theo/projects/wasabi/pico/pico-sdk/src/rp2_common/pico_printf/printf.c.o
 .text._out_fct
                0x10002968       0x10 CMakeFiles/motCon.dir/home/theo/projects/wasabi/pico/pico-sdk/src/rp2_common/pico_printf/printf.c.o
 .text._etoa    0x10002978      0x464 CMakeFiles/motCon.dir/home/theo/projects/wasabi/pico/pico-sdk/src/rp2_common/pico_printf/printf.c.o
 .text._ftoa    0x10002ddc      0x3c0 CMakeFiles/motCon.dir/home/theo/projects/wasabi/pico/pico-sdk/src/rp2_common/pico_printf/printf.c.o
 .text._vsnprintf
                0x1000319c      0xbc8 CMakeFiles/motCon.dir/home/theo/projects/wasabi/pico/pico-sdk/src/rp2_common/pico_printf/printf.c.o
 .text.__wrap_sprintf
                0x10003d64       0x2c CMakeFiles/motCon.dir/home/theo/projects/wasabi/pico/pico-sdk/src/rp2_common/pico_printf/printf.c.o
                0x10003d64                __wrap_sprintf
 .text.vfctprintf
                0x10003d90       0x20 CMakeFiles/motCon.dir/home/theo/projects/wasabi/pico/pico-sdk/src/rp2_common/pico_printf/printf.c.o
                0x10003d90                vfctprintf
 .text.weak_raw_printf
                0x10003db0       0x40 CMakeFiles/motCon.dir/home/theo/projects/wasabi/pico/pico-sdk/src/rp2_common/pico_printf/printf.c.o
                0x10003db0                weak_raw_printf
 .text.weak_raw_vprintf
                0x10003df0       0x30 CMakeFiles/motCon.dir/home/theo/projects/wasabi/pico/pico-sdk/src/rp2_common/pico_printf/printf.c.o
                0x10003df0                weak_raw_vprintf
 .text._exit    0x10003e20        0x4 CMakeFiles/motCon.dir/home/theo/projects/wasabi/pico/pico-sdk/src/rp2_common/pico_clib_interface/newlib_interface.c.o
                0x10003e20                _exit
 .text._sbrk    0x10003e24       0x34 CMakeFiles/motCon.dir/home/theo/projects/wasabi/pico/pico-sdk/src/rp2_common/pico_clib_interface/newlib_interface.c.o
                0x10003e24                _sbrk
 .text._read    0x10003e58       0x24 CMakeFiles/motCon.dir/home/theo/projects/wasabi/pico/pico-sdk/src/rp2_common/pico_clib_interface/newlib_interface.c.o
                0x10003e58                _read
 .text._write   0x10003e7c       0x24 CMakeFiles/motCon.dir/home/theo/projects/wasabi/pico/pico-sdk/src/rp2_common/pico_clib_interface/newlib_interface.c.o
                0x10003e7c                _write
 .text._close   0x10003ea0        0x8 CMakeFiles/motCon.dir/home/theo/projects/wasabi/pico/pico-sdk/src/rp2_common/pico_clib_interface/newlib_interface.c.o
                0x10003ea0                _close
 .text._lseek   0x10003ea8        0x8 CMakeFiles/motCon.dir/home/theo/projects/wasabi/pico/pico-sdk/src/rp2_common/pico_clib_interface/newlib_interface.c.o
                0x10003ea8                _lseek
 .text._fstat   0x10003eb0        0x8 CMakeFiles/motCon.dir/home/theo/projects/wasabi/pico/pico-sdk/src/rp2_common/pico_clib_interface/newlib_interface.c.o
                0x10003eb0                _fstat
 .text._isatty  0x10003eb8        0xc CMakeFiles/motCon.dir/home/theo/projects/wasabi/pico/pico-sdk/src/rp2_common/pico_clib_interface/newlib_interface.c.o
                0x10003eb8                _isatty
 .text.exit     0x10003ec4        0x8 CMakeFiles/motCon.dir/home/theo/projects/wasabi/pico/pico-sdk/src/rp2_common/pico_clib_interface/newlib_interface.c.o
                0x10003ec4                exit
 .text.__assert_func
                0x10003ecc       0x38 CMakeFiles/motCon.dir/home/theo/projects/wasabi/pico/pico-sdk/src/rp2_common/pico_clib_interface/newlib_interface.c.o
                0x10003ecc                __assert_func
 .text.runtime_init
                0x10003f04       0x2c CMakeFiles/motCon.dir/home/theo/projects/wasabi/pico/pico-sdk/src/rp2_common/pico_clib_interface/newlib_interface.c.o
                0x10003f04                runtime_init
 .text.stdio_out_chars_no_crlf
                0x10003f30       0x10 CMakeFiles/motCon.dir/home/theo/projects/wasabi/pico/pico-sdk/src/rp2_common/pico_stdio/stdio.c.o
 .text.stdio_out_chars_crlf
                0x10003f40       0x94 CMakeFiles/motCon.dir/home/theo/projects/wasabi/pico/pico-sdk/src/rp2_common/pico_stdio/stdio.c.o
 .text.stdio_buffered_printer
                0x10003fd4       0x64 CMakeFiles/motCon.dir/home/theo/projects/wasabi/pico/pico-sdk/src/rp2_common/pico_stdio/stdio.c.o
 .text.stdio_put_string
                0x10004038      0x100 CMakeFiles/motCon.dir/home/theo/projects/wasabi/pico/pico-sdk/src/rp2_common/pico_stdio/stdio.c.o
                0x10004038                stdio_put_string
 .text.stdio_get_until
                0x10004138       0x84 CMakeFiles/motCon.dir/home/theo/projects/wasabi/pico/pico-sdk/src/rp2_common/pico_stdio/stdio.c.o
                0x10004138                stdio_get_until
 .text.stdio_set_driver_enabled
                0x100041bc       0x30 CMakeFiles/motCon.dir/home/theo/projects/wasabi/pico/pico-sdk/src/rp2_common/pico_stdio/stdio.c.o
                0x100041bc                stdio_set_driver_enabled
 .text.stdio_init_all
                0x100041ec        0xc CMakeFiles/motCon.dir/home/theo/projects/wasabi/pico/pico-sdk/src/rp2_common/pico_stdio/stdio.c.o
                0x100041ec                stdio_init_all
 .text.__wrap_putchar
                0x100041f8       0x98 CMakeFiles/motCon.dir/home/theo/projects/wasabi/pico/pico-sdk/src/rp2_common/pico_stdio/stdio.c.o
                0x100041f8                stdio_putchar
                0x100041f8                __wrap_putchar
 .text.__wrap_puts
                0x10004290       0x3c CMakeFiles/motCon.dir/home/theo/projects/wasabi/pico/pico-sdk/src/rp2_common/pico_stdio/stdio.c.o
                0x10004290                __wrap_puts
                0x10004290                stdio_puts
 .text.__wrap_vprintf
                0x100042cc       0xd4 CMakeFiles/motCon.dir/home/theo/projects/wasabi/pico/pico-sdk/src/rp2_common/pico_stdio/stdio.c.o
                0x100042cc                __wrap_vprintf
                0x100042cc                stdio_vprintf
 .text.__wrap_printf
                0x100043a0       0x18 CMakeFiles/motCon.dir/home/theo/projects/wasabi/pico/pico-sdk/src/rp2_common/pico_stdio/stdio.c.o
                0x100043a0                stdio_printf
                0x100043a0                __wrap_printf
 .text.stdio_uart_out_chars
                0x100043b8       0x4c CMakeFiles/motCon.dir/home/theo/projects/wasabi/pico/pico-sdk/src/rp2_common/pico_stdio_uart/stdio_uart.c.o
 .text.stdio_uart_in_chars
                0x10004404       0x90 CMakeFiles/motCon.dir/home/theo/projects/wasabi/pico/pico-sdk/src/rp2_common/pico_stdio_uart/stdio_uart.c.o
                0x10004404                stdio_uart_in_chars
 .text.on_uart_rx
                0x10004494       0x28 CMakeFiles/motCon.dir/home/theo/projects/wasabi/pico/pico-sdk/src/rp2_common/pico_stdio_uart/stdio_uart.c.o
 .text.stdio_uart_out_flush
                0x100044bc       0x14 CMakeFiles/motCon.dir/home/theo/projects/wasabi/pico/pico-sdk/src/rp2_common/pico_stdio_uart/stdio_uart.c.o
 .text.stdio_uart_set_chars_available_callback
                0x100044d0       0x84 CMakeFiles/motCon.dir/home/theo/projects/wasabi/pico/pico-sdk/src/rp2_common/pico_stdio_uart/stdio_uart.c.o
 .text.stdio_uart_init
                0x10004554       0x50 CMakeFiles/motCon.dir/home/theo/projects/wasabi/pico/pico-sdk/src/rp2_common/pico_stdio_uart/stdio_uart.c.o
                0x10004554                stdio_uart_init
 .text          0x100045a4       0xa8 /usr/lib/gcc/arm-none-eabi/13.2.1/../../../arm-none-eabi/lib/thumb/v6-m/nofp/libg.a(libc_a-callocr.o)
                0x100045a4                _calloc_r
 .text          0x1000464c      0x5b4 /usr/lib/gcc/arm-none-eabi/13.2.1/../../../arm-none-eabi/lib/thumb/v6-m/nofp/libg.a(libc_a-mallocr.o)
                0x1000464c                _malloc_r
 .text          0x10004c00      0x288 /usr/lib/gcc/arm-none-eabi/13.2.1/../../../arm-none-eabi/lib/thumb/v6-m/nofp/libg.a(libc_a-freer.o)
                0x10004c00                _malloc_trim_r
                0x10004cb4                _free_r
 .text          0x10004e88       0x1c /usr/lib/gcc/arm-none-eabi/13.2.1/../../../arm-none-eabi/lib/thumb/v6-m/nofp/libg.a(libc_a-sysconf.o)
                0x10004e88                sysconf
 .text          0x10004ea4      0x350 /usr/lib/gcc/arm-none-eabi/13.2.1/../../../arm-none-eabi/lib/thumb/v6-m/nofp/libg.a(libc_a-reallocr.o)
                0x10004ea4                _realloc_r
 .text          0x100051f4        0x8 /usr/lib/gcc/arm-none-eabi/13.2.1/../../../arm-none-eabi/lib/thumb/v6-m/nofp/libg.a(libc_a-mlock.o)
                0x100051f4                __malloc_lock
                0x100051f8                __malloc_unlock
 .text          0x100051fc      0x258 /usr/lib/gcc/arm-none-eabi/13.2.1/../../../arm-none-eabi/lib/thumb/v6-m/nofp/libg.a(libc_a-findfp.o)
                0x10005358                __sfp
                0x100053f8                __sinit
                0x1000541c                __sfp_lock_acquire
                0x10005420                __sfp_lock_release
                0x10005424                __fp_lock_all
                0x1000543c                __fp_unlock_all
 .text          0x10005454       0x40 /usr/lib/gcc/arm-none-eabi/13.2.1/../../../arm-none-eabi/lib/thumb/v6-m/nofp/libg.a(libc_a-scanf.o)
                0x10005454                scanf
                0x10005478                _scanf_r
 .text          0x10005494       0x10 /usr/lib/gcc/arm-none-eabi/13.2.1/../../../arm-none-eabi/lib/thumb/v6-m/nofp/libg.a(libc_a-atexit.o)
                0x10005494                atexit
 .text          0x100054a4     0x1050 /usr/lib/gcc/arm-none-eabi/13.2.1/../../../arm-none-eabi/lib/thumb/v6-m/nofp/libg.a(libc_a-vfscanf.o)
                0x100054a4                __svfscanf_r
                0x10006484                vfscanf
                0x100064b4                __svfscanf
                0x100064cc                _vfscanf_r
 .text          0x100064f4       0x5c /usr/lib/gcc/arm-none-eabi/13.2.1/../../../arm-none-eabi/lib/thumb/v6-m/nofp/libg.a(libc_a-strlen-stub.o)
                0x100064f4                strlen
 .text          0x10006550       0x24 /usr/lib/gcc/arm-none-eabi/13.2.1/../../../arm-none-eabi/lib/thumb/v6-m/nofp/libg.a(libc_a-sbrkr.o)
                0x10006550                _sbrk_r
 .text          0x10006574      0x164 /usr/lib/gcc/arm-none-eabi/13.2.1/../../../arm-none-eabi/lib/thumb/v6-m/nofp/libg.a(libc_a-ungetc.o)
                0x10006574                __submore
                0x100065f8                _ungetc_r
                0x100066c0                ungetc
 .text          0x100066d8       0x28 /usr/lib/gcc/arm-none-eabi/13.2.1/../../../arm-none-eabi/lib/thumb/v6-m/nofp/libg.a(libc_a-fini.o)
                0x100066d8                __libc_fini_array
 .text          0x10006700        0x8 /usr/lib/gcc/arm-none-eabi/13.2.1/../../../arm-none-eabi/lib/thumb/v6-m/nofp/libg.a(libm_a-sf_nan.o)
                0x10006700                nanf
 .text          0x10006708      0x1d8 /usr/lib/gcc/arm-none-eabi/13.2.1/../../../arm-none-eabi/lib/thumb/v6-m/nofp/libg.a(libc_a-strtoll.o)
                0x100068a8                _strtoll_r
                0x100068b0                strtoll_l
                0x100068c8                strtoll
 .text          0x100068e0      0x198 /usr/lib/gcc/arm-none-eabi/13.2.1/../../../arm-none-eabi/lib/thumb/v6-m/nofp/libg.a(libc_a-fread.o)
                0x100068e0                _fread_r
                0x10006a58                fread
 .text          0x10006a78       0x80 /usr/lib/gcc/arm-none-eabi/13.2.1/../../../arm-none-eabi/lib/thumb/v6-m/nofp/libg.a(libc_a-sccl.o)
                0x10006a78                __sccl
 .text          0x10006af8       0x44 /usr/lib/gcc/arm-none-eabi/13.2.1/../../../arm-none-eabi/lib/thumb/v6-m/nofp/libg.a(libc_a-fwalk.o)
                0x10006af8                _fwalk_sglue
 .text          0x10006b3c       0x14 /usr/lib/gcc/arm-none-eabi/13.2.1/../../../arm-none-eabi/lib/thumb/v6-m/nofp/libg.a(libc_a-localeconv.o)
                0x10006b3c                __localeconv_l
                0x10006b40                _localeconv_r
                0x10006b48                localeconv
 .text          0x10006b50     0x10b8 /usr/lib/gcc/arm-none-eabi/13.2.1/../../../arm-none-eabi/lib/thumb/v6-m/nofp/libg.a(libc_a-strtod.o)
                0x10006b80                _strtod_l
                0x10007a38                _strtod_r
                0x10007a48                strtod_l
                0x10007a60                strtod
                0x10007a7c                strtof_l
                0x10007b34                strtof
 .text          0x10007c08       0x98 /usr/lib/gcc/arm-none-eabi/13.2.1/../../../arm-none-eabi/lib/thumb/v6-m/nofp/libg.a(libc_a-locale.o)
                0x10007c08                _setlocale_r
                0x10007c4c                __locale_mb_cur_max
                0x10007c5c                setlocale
 .text          0x10007ca0       0x88 /usr/lib/gcc/arm-none-eabi/13.2.1/../../../arm-none-eabi/lib/thumb/v6-m/nofp/libg.a(libc_a-strcmp.o)
                0x10007ca0                strcmp
 .text          0x10007d28      0x658 /usr/lib/gcc/arm-none-eabi/13.2.1/../../../arm-none-eabi/lib/thumb/v6-m/nofp/libg.a(libc_a-gdtoa-gethex.o)
                0x10007dd8                __gethex
 .text          0x10008380      0x17c /usr/lib/gcc/arm-none-eabi/13.2.1/../../../arm-none-eabi/lib/thumb/v6-m/nofp/libg.a(libc_a-strtoul.o)
                0x100084c4                _strtoul_r
                0x100084cc                strtoul_l
                0x100084e4                strtoul
 .text          0x100084fc       0x44 /usr/lib/gcc/arm-none-eabi/13.2.1/../../../arm-none-eabi/lib/thumb/v6-m/nofp/libg.a(libc_a-mbtowc_r.o)
                0x100084fc                _mbtowc_r
                0x10008514                __ascii_mbtowc
 .text          0x10008540      0x1c4 /usr/lib/gcc/arm-none-eabi/13.2.1/../../../arm-none-eabi/lib/thumb/v6-m/nofp/libg.a(libc_a-fflush.o)
                0x10008540                __sflush_r
                0x10008688                _fflush_r
                0x100086b4                fflush
 .text          0x10008704       0x74 /usr/lib/gcc/arm-none-eabi/13.2.1/../../../arm-none-eabi/lib/thumb/v6-m/nofp/libg.a(libc_a-strncmp.o)
                0x10008704                strncmp
 .text          0x10008778       0xb0 /usr/lib/gcc/arm-none-eabi/13.2.1/../../../arm-none-eabi/lib/thumb/v6-m/nofp/libg.a(libc_a-memmove.o)
                0x10008778                memmove
 .text          0x10008828        0xc /usr/lib/gcc/arm-none-eabi/13.2.1/../../../arm-none-eabi/lib/thumb/v6-m/nofp/libg.a(libc_a-errno.o)
                0x10008828                __errno
 .text          0x10008834      0x1fc /usr/lib/gcc/arm-none-eabi/13.2.1/../../../arm-none-eabi/lib/thumb/v6-m/nofp/libg.a(libc_a-strtoull.o)
                0x100089f8                _strtoull_r
                0x10008a00                strtoull_l
                0x10008a18                strtoull
 .text          0x10008a30      0x190 /usr/lib/gcc/arm-none-eabi/13.2.1/../../../arm-none-eabi/lib/thumb/v6-m/nofp/libg.a(libc_a-strtol.o)
                0x10008b88                _strtol_r
                0x10008b90                strtol_l
                0x10008ba8                strtol
 .text          0x10008bc0       0xa4 /usr/lib/gcc/arm-none-eabi/13.2.1/../../../arm-none-eabi/lib/thumb/v6-m/nofp/libg.a(libc_a-fclose.o)
                0x10008bc0                _fclose_r
                0x10008c50                fclose
 .text          0x10008c64       0x2c /usr/lib/gcc/arm-none-eabi/13.2.1/../../../arm-none-eabi/lib/thumb/v6-m/nofp/libg.a(libc_a-wctomb_r.o)
                0x10008c64                _wctomb_r
                0x10008c74                __ascii_wctomb
 .text          0x10008c90       0xa8 /usr/lib/gcc/arm-none-eabi/13.2.1/../../../arm-none-eabi/lib/thumb/v6-m/nofp/libg.a(libc_a-stdio.o)
                0x10008c90                __sread
                0x10008cb8                __seofread
                0x10008cbc                __swrite
                0x10008cfc                __sseek
                0x10008d2c                __sclose
 .text          0x10008d38        0xc /usr/lib/gcc/arm-none-eabi/13.2.1/../../../arm-none-eabi/lib/thumb/v6-m/nofp/libg.a(libc_a-iswspace.o)
                0x10008d38                iswspace
 .text          0x10008d44       0x94 /usr/lib/gcc/arm-none-eabi/13.2.1/../../../arm-none-eabi/lib/thumb/v6-m/nofp/libg.a(libc_a-mbrtowc.o)
                0x10008d44                _mbrtowc_r
                0x10008d8c                mbrtowc
 .text          0x10008dd8       0x78 /usr/lib/gcc/arm-none-eabi/13.2.1/../../../arm-none-eabi/lib/thumb/v6-m/nofp/libg.a(libc_a-__atexit.o)
                0x10008dd8                __register_exitproc
 .text          0x10008e50      0x120 /usr/lib/gcc/arm-none-eabi/13.2.1/../../../arm-none-eabi/lib/thumb/v6-m/nofp/libg.a(libc_a-refill.o)
                0x10008e70                __srefill_r
 .text          0x10008f70       0x28 /usr/lib/gcc/arm-none-eabi/13.2.1/../../../arm-none-eabi/lib/thumb/v6-m/nofp/libg.a(libc_a-writer.o)
                0x10008f70                _write_r
 .text          0x10008f98      0x230 /usr/lib/gcc/arm-none-eabi/13.2.1/../../../arm-none-eabi/lib/thumb/v6-m/nofp/libg.a(libc_a-gdtoa-hexnan.o)
                0x10008f98                __match
                0x10008fc4                __hexnan
 .text          0x100091c8       0x24 /usr/lib/gcc/arm-none-eabi/13.2.1/../../../arm-none-eabi/lib/thumb/v6-m/nofp/libg.a(libc_a-closer.o)
                0x100091c8                _close_r
 .text          0x100091ec        0xc /usr/lib/gcc/arm-none-eabi/13.2.1/../../../arm-none-eabi/lib/thumb/v6-m/nofp/libg.a(libm_a-s_nan.o)
                0x100091ec                nan
 .text          0x100091f8      0xb18 /usr/lib/gcc/arm-none-eabi/13.2.1/../../../arm-none-eabi/lib/thumb/v6-m/nofp/libg.a(libc_a-mprec.o)
                0x100091f8                _Balloc
                0x10009248                _Bfree
                0x1000925c                __multadd
                0x10009304                __s2b
                0x100093b4                __hi0bits
                0x10009400                __lo0bits
                0x1000945c                __i2b
                0x100094bc                __multiply
                0x10009668                __pow5mult
                0x10009738                __lshift
                0x10009834                __mcmp
                0x10009870                __mdiff
                0x10009a24                __ulp
                0x10009a64                __b2d
                0x10009b1c                __d2b
                0x10009be8                __ratio
                0x10009c50                _mprec_log10
                0x10009c84                __copybits
                0x10009cc4                __any_on
 .text          0x10009d10      0x138 /usr/lib/gcc/arm-none-eabi/13.2.1/../../../arm-none-eabi/lib/thumb/v6-m/nofp/libg.a(libc_a-makebuf.o)
                0x10009d10                __smakebuf_r
                0x10009df0                __swhatbuf_r
 .text          0x10009e48       0x18 /usr/lib/gcc/arm-none-eabi/13.2.1/../../../arm-none-eabi/lib/thumb/v6-m/nofp/libg.a(libc_a-iswspace_l.o)
                0x10009e48                iswspace_l
 .text          0x10009e60       0x28 /usr/lib/gcc/arm-none-eabi/13.2.1/../../../arm-none-eabi/lib/thumb/v6-m/nofp/libg.a(libc_a-readr.o)
                0x10009e60                _read_r
 .text          0x10009e88       0x28 /usr/lib/gcc/arm-none-eabi/13.2.1/../../../arm-none-eabi/lib/thumb/v6-m/nofp/libg.a(libc_a-lseekr.o)
                0x10009e88                _lseek_r
 .text.startup  0x10009eb0       0x18 /usr/lib/gcc/arm-none-eabi/13.2.1/../../../arm-none-eabi/lib/thumb/v6-m/nofp/libg.a(libc_a-__call_atexit.o)
 .text          0x10009ec8       0x28 /usr/lib/gcc/arm-none-eabi/13.2.1/../../../arm-none-eabi/lib/thumb/v6-m/nofp/libg.a(libc_a-fstatr.o)
                0x10009ec8                _fstat_r
 .text          0x10009ef0       0x24 /usr/lib/gcc/arm-none-eabi/13.2.1/../../../arm-none-eabi/lib/thumb/v6-m/nofp/libg.a(libc_a-isattyr.o)
                0x10009ef0                _isatty_r
 *(.fini)
 .fini          0x10009f14        0x4 /usr/lib/gcc/arm-none-eabi/13.2.1/thumb/v6-m/nofp/crti.o
                0x10009f14                _fini
 .fini.__stub   0x10009f18       0x40 linker stubs
 *crtbegin.o(.ctors)
 *crtbegin?.o(.ctors)
 *(EXCLUDE_FILE(*crtend.o *crtend?.o) .ctors)
 *(SORT_BY_NAME(.ctors.*))
 *(.ctors)
 *crtbegin.o(.dtors)
 *crtbegin?.o(.dtors)
 *(EXCLUDE_FILE(*crtend.o *crtend?.o) .dtors)
 *(SORT_BY_NAME(.dtors.*))
 *(.dtors)
                0x10009f58                        . = ALIGN (0x4)
                0x10009f58                        PROVIDE (__preinit_array_start = .)
 *(SORT_BY_NAME(.preinit_array.*))
 .preinit_array.00100
                0x10009f58        0x4 CMakeFiles/motCon.dir/home/theo/projects/wasabi/pico/pico-sdk/src/rp2_common/pico_runtime_init/runtime_init.c.o
                0x10009f58                __pre_init_runtime_init_early_resets
 .preinit_array.00101
                0x10009f5c        0x4 CMakeFiles/motCon.dir/home/theo/projects/wasabi/pico/pico-sdk/src/rp2_common/pico_runtime_init/runtime_init.c.o
                0x10009f5c                __pre_init_runtime_init_usb_power_down
 .preinit_array.00275
                0x10009f60        0x4 CMakeFiles/motCon.dir/home/theo/projects/wasabi/pico/pico-sdk/src/rp2_common/pico_bit_ops/bit_ops_aeabi.S.o
 .preinit_array.00300
                0x10009f64        0x4 CMakeFiles/motCon.dir/home/theo/projects/wasabi/pico/pico-sdk/src/rp2_common/pico_mem_ops/mem_ops_aeabi.S.o
 .preinit_array.00350
                0x10009f68        0x4 CMakeFiles/motCon.dir/home/theo/projects/wasabi/pico/pico-sdk/src/rp2_common/pico_double/double_aeabi_rp2040.S.o
 .preinit_array.00350
                0x10009f6c        0x4 CMakeFiles/motCon.dir/home/theo/projects/wasabi/pico/pico-sdk/src/rp2_common/pico_float/float_aeabi_rp2040.S.o
 .preinit_array.00500
                0x10009f70        0x4 CMakeFiles/motCon.dir/home/theo/projects/wasabi/pico/pico-sdk/src/rp2_common/pico_runtime_init/runtime_init.c.o
                0x10009f70                __pre_init_runtime_init_clocks
 .preinit_array.00600
                0x10009f74        0x4 CMakeFiles/motCon.dir/home/theo/projects/wasabi/pico/pico-sdk/src/rp2_common/pico_runtime_init/runtime_init.c.o
                0x10009f74                __pre_init_runtime_init_post_clock_resets
 .preinit_array.00700
                0x10009f78        0x4 CMakeFiles/motCon.dir/home/theo/projects/wasabi/pico/pico-sdk/src/rp2_common/pico_runtime_init/runtime_init.c.o
                0x10009f78                __pre_init_runtime_init_rp2040_gpio_ie_disable
 .preinit_array.01000
                0x10009f7c        0x4 CMakeFiles/motCon.dir/home/theo/projects/wasabi/pico/pico-sdk/src/rp2_common/pico_runtime_init/runtime_init.c.o
                0x10009f7c                __pre_init_runtime_init_spin_locks_reset
 .preinit_array.01100
                0x10009f80        0x4 CMakeFiles/motCon.dir/home/theo/projects/wasabi/pico/pico-sdk/src/common/pico_sync/mutex.c.o
                0x10009f80                __pre_init_runtime_init_mutex
 .preinit_array.10080
                0x10009f84        0x4 CMakeFiles/motCon.dir/home/theo/projects/wasabi/pico/pico-sdk/src/rp2_common/pico_runtime_init/runtime_init.c.o
                0x10009f84                __pre_init_runtime_init_install_ram_vector_table
 .preinit_array.11000
                0x10009f88        0x4 CMakeFiles/motCon.dir/home/theo/projects/wasabi/pico/pico-sdk/src/common/pico_time/time.c.o
                0x10009f88                __pre_init_runtime_init_default_alarm_pool
 .preinit_array.YYYYY
                0x10009f8c        0x4 CMakeFiles/motCon.dir/home/theo/projects/wasabi/pico/pico-sdk/src/rp2_common/pico_runtime/runtime.c.o
                0x10009f8c                __pre_init_first_per_core_initializer
 .preinit_array.ZZZZZ.01200
                0x10009f90        0x4 CMakeFiles/motCon.dir/home/theo/projects/wasabi/pico/pico-sdk/src/rp2_common/hardware_irq/irq.c.o
                0x10009f90                __pre_init_runtime_init_per_core_irq_priorities
 *(.preinit_array)
                0x10009f94                        PROVIDE (__preinit_array_end = .)
                0x10009f94                        . = ALIGN (0x4)
                0x10009f94                        PROVIDE (__init_array_start = .)
 *(SORT_BY_NAME(.init_array.*))
 .init_array.00000
                0x10009f94        0x4 /usr/lib/gcc/arm-none-eabi/13.2.1/../../../arm-none-eabi/lib/thumb/v6-m/nofp/libg.a(libc_a-__call_atexit.o)
 *(.init_array)
 .init_array    0x10009f98        0x4 /usr/lib/gcc/arm-none-eabi/13.2.1/thumb/v6-m/nofp/crtbegin.o
                0x10009f9c                        PROVIDE (__init_array_end = .)
                0x10009f9c                        . = ALIGN (0x4)
                0x10009f9c                        PROVIDE (__fini_array_start = .)
 *(SORT_BY_NAME(.fini_array.*))
 *(.fini_array)
                0x10009f9c                        PROVIDE (__fini_array_end = .)
 *(.eh_frame*)
 .eh_frame      0x10009f9c        0x0 /usr/lib/gcc/arm-none-eabi/13.2.1/thumb/v6-m/nofp/crtbegin.o
                0x10009f9c                        . = ALIGN (0x4)

.glue_7         0x10009f9c        0x0
 .glue_7        0x10009f9c        0x0 linker stubs

.glue_7t        0x10009f9c        0x0
 .glue_7t       0x10009f9c        0x0 linker stubs

.vfp11_veneer   0x10009f9c        0x0
 .vfp11_veneer  0x10009f9c        0x0 linker stubs

.v4_bx          0x10009f9c        0x0
 .v4_bx         0x10009f9c        0x0 linker stubs

.iplt           0x10009f9c        0x0
 .iplt          0x10009f9c        0x0 /usr/lib/gcc/arm-none-eabi/13.2.1/thumb/v6-m/nofp/crtbegin.o

.rodata         0x10009fa0      0xcb8
 *(EXCLUDE_FILE(*libm.a: *libc.a:*lib_a-mem*.o *libgcc.a:) .rodata*)
 .rodata.main.str1.4
                0x10009fa0      0x1fd CMakeFiles/motCon.dir/motCon.c.o
                                 0x35 (size before relaxing)
 .rodata.str1.4
                0x1000a19d       0x25 CMakeFiles/motCon.dir/motCon.c.o
 *fill*         0x1000a19d        0x3 
 .rodata.__bi_14.0
                0x1000a1a0        0xc CMakeFiles/motCon.dir/motCon.c.o
 .rodata.__bi_15.1
                0x1000a1ac        0xc CMakeFiles/motCon.dir/motCon.c.o
 .rodata.panic.str1.4
                0x1000a1b8       0x12 CMakeFiles/motCon.dir/home/theo/projects/wasabi/pico/pico-sdk/src/rp2_common/pico_platform_panic/panic.c.o
 .rodata.at_the_end_of_time
                0x1000a1b8        0x8 CMakeFiles/motCon.dir/home/theo/projects/wasabi/pico/pico-sdk/src/common/pico_time/time.c.o
                0x1000a1b8                at_the_end_of_time
 .rodata.timer_hardware_alarm_claim.str1.4
                0x1000a1c0       0x22 CMakeFiles/motCon.dir/home/theo/projects/wasabi/pico/pico-sdk/src/rp2_common/hardware_timer/timer.c.o
 .rodata.hard_assertion_failure.str1.4
                0x1000a1c0        0xc CMakeFiles/motCon.dir/home/theo/projects/wasabi/pico/pico-sdk/src/rp2_common/pico_runtime/runtime.c.o
 .rodata.str1.4
                0x1000a1c0       0x3c CMakeFiles/motCon.dir/home/theo/projects/wasabi/pico/pico-sdk/src/rp2_common/pico_standard_binary_info/standard_binary_info.c.o
 .rodata.__bi_84
                0x1000a1c0        0xc CMakeFiles/motCon.dir/home/theo/projects/wasabi/pico/pico-sdk/src/rp2_common/pico_standard_binary_info/standard_binary_info.c.o
 .rodata.__bi_78
                0x1000a1cc        0xc CMakeFiles/motCon.dir/home/theo/projects/wasabi/pico/pico-sdk/src/rp2_common/pico_standard_binary_info/standard_binary_info.c.o
 .rodata.__bi_54
                0x1000a1d8        0xc CMakeFiles/motCon.dir/home/theo/projects/wasabi/pico/pico-sdk/src/rp2_common/pico_standard_binary_info/standard_binary_info.c.o
 .rodata.__bi_48
                0x1000a1e4        0xc CMakeFiles/motCon.dir/home/theo/projects/wasabi/pico/pico-sdk/src/rp2_common/pico_standard_binary_info/standard_binary_info.c.o
 .rodata.__bi_42
                0x1000a1f0        0xc CMakeFiles/motCon.dir/home/theo/projects/wasabi/pico/pico-sdk/src/rp2_common/pico_standard_binary_info/standard_binary_info.c.o
 .rodata.__bi_34
                0x1000a1fc        0xc CMakeFiles/motCon.dir/home/theo/projects/wasabi/pico/pico-sdk/src/rp2_common/pico_standard_binary_info/standard_binary_info.c.o
 .rodata.__bi_26
                0x1000a208        0xc CMakeFiles/motCon.dir/home/theo/projects/wasabi/pico/pico-sdk/src/rp2_common/pico_standard_binary_info/standard_binary_info.c.o
 .rodata._ftoa.str1.4
                0x1000a214       0x15 CMakeFiles/motCon.dir/home/theo/projects/wasabi/pico/pico-sdk/src/rp2_common/pico_printf/printf.c.o
 .rodata._vsnprintf
                0x1000a214      0x19c CMakeFiles/motCon.dir/home/theo/projects/wasabi/pico/pico-sdk/src/rp2_common/pico_printf/printf.c.o
 .rodata.pow10.0
                0x1000a3b0       0x50 CMakeFiles/motCon.dir/home/theo/projects/wasabi/pico/pico-sdk/src/rp2_common/pico_printf/printf.c.o
 .rodata.__assert_func.str1.4
                0x1000a400       0x43 CMakeFiles/motCon.dir/home/theo/projects/wasabi/pico/pico-sdk/src/rp2_common/pico_clib_interface/newlib_interface.c.o
 .rodata.crlf_str.0
                0x1000a400        0x2 CMakeFiles/motCon.dir/home/theo/projects/wasabi/pico/pico-sdk/src/rp2_common/pico_stdio/stdio.c.o
 .rodata.str1.4
                0x1000a402       0x2c CMakeFiles/motCon.dir/home/theo/projects/wasabi/pico/pico-sdk/src/rp2_common/pico_stdio_uart/stdio_uart.c.o
 *fill*         0x1000a402        0x2 
 .rodata.__bi_45.4
                0x1000a404        0xc CMakeFiles/motCon.dir/home/theo/projects/wasabi/pico/pico-sdk/src/rp2_common/pico_stdio_uart/stdio_uart.c.o
 .rodata.__bi_49.5
                0x1000a410        0x8 CMakeFiles/motCon.dir/home/theo/projects/wasabi/pico/pico-sdk/src/rp2_common/pico_stdio_uart/stdio_uart.c.o
 .rodata.__bi_50.6
                0x1000a418        0x8 CMakeFiles/motCon.dir/home/theo/projects/wasabi/pico/pico-sdk/src/rp2_common/pico_stdio_uart/stdio_uart.c.o
 .rodata.str1.4
                0x1000a420        0x9 /usr/lib/gcc/arm-none-eabi/13.2.1/../../../arm-none-eabi/lib/thumb/v6-m/nofp/libg.a(libc_a-vfscanf.o)
 .rodata        0x1000a420      0x3e6 /usr/lib/gcc/arm-none-eabi/13.2.1/../../../arm-none-eabi/lib/thumb/v6-m/nofp/libg.a(libc_a-vfscanf.o)
 .rodata.str1.4
                0x1000a806       0x15 /usr/lib/gcc/arm-none-eabi/13.2.1/../../../arm-none-eabi/lib/thumb/v6-m/nofp/libg.a(libc_a-strtod.o)
 *fill*         0x1000a806        0x2 
 .rodata        0x1000a808      0x120 /usr/lib/gcc/arm-none-eabi/13.2.1/../../../arm-none-eabi/lib/thumb/v6-m/nofp/libg.a(libc_a-strtod.o)
 .rodata.str1.4
                0x1000a928       0x12 /usr/lib/gcc/arm-none-eabi/13.2.1/../../../arm-none-eabi/lib/thumb/v6-m/nofp/libg.a(libc_a-locale.o)
 .rodata.str1.4
                0x1000a928       0x4c /usr/lib/gcc/arm-none-eabi/13.2.1/../../../arm-none-eabi/lib/thumb/v6-m/nofp/libg.a(libc_a-gdtoa-gethex.o)
 .rodata        0x1000a928      0x100 /usr/lib/gcc/arm-none-eabi/13.2.1/../../../arm-none-eabi/lib/thumb/v6-m/nofp/libg.a(libc_a-gdtoa-gethex.o)
                0x1000a928                __hexdig
 .rodata.str1.4
                0x1000aa28        0x1 /usr/lib/gcc/arm-none-eabi/13.2.1/../../../arm-none-eabi/lib/thumb/v6-m/nofp/libg.a(libc_a-mbrtowc.o)
 .rodata        0x1000aa28      0x101 /usr/lib/gcc/arm-none-eabi/13.2.1/../../../arm-none-eabi/lib/thumb/v6-m/nofp/libg.a(libc_a-ctype_.o)
                0x1000aa28                _ctype_
 .rodata.str1.4
                0x1000ab29       0x41 /usr/lib/gcc/arm-none-eabi/13.2.1/../../../arm-none-eabi/lib/thumb/v6-m/nofp/libg.a(libc_a-mprec.o)
 *fill*         0x1000ab29        0x7 
 .rodata        0x1000ab30      0x128 /usr/lib/gcc/arm-none-eabi/13.2.1/../../../arm-none-eabi/lib/thumb/v6-m/nofp/libg.a(libc_a-mprec.o)
                0x1000ab40                __mprec_tinytens
                0x1000ab68                __mprec_bigtens
                0x1000ab90                __mprec_tens
                0x1000ac58                        . = ALIGN (0x4)
 *(SORT_BY_ALIGNMENT(SORT_BY_NAME(.flashdata*)))
                0x1000ac58                        . = ALIGN (0x4)

.ARM.extab
 *(.ARM.extab* .gnu.linkonce.armextab.*)
                0x1000ac58                        __exidx_start = .

.ARM.exidx
 *(.ARM.exidx* .gnu.linkonce.armexidx.*)
                0x1000ac58                        __exidx_end = .
                0x1000ac58                        . = ALIGN (0x4)
                0x1000ac58                        __binary_info_start = .

.binary_info    0x1000ac58       0x30
 *(.binary_info.keep.*)
 .binary_info.keep.__bi_ptr15
                0x1000ac58        0x4 CMakeFiles/motCon.dir/motCon.c.o
 .binary_info.keep.__bi_ptr14
                0x1000ac5c        0x4 CMakeFiles/motCon.dir/motCon.c.o
 .binary_info.keep.__bi_ptr84
                0x1000ac60        0x4 CMakeFiles/motCon.dir/home/theo/projects/wasabi/pico/pico-sdk/src/rp2_common/pico_standard_binary_info/standard_binary_info.c.o
 .binary_info.keep.__bi_ptr78
                0x1000ac64        0x4 CMakeFiles/motCon.dir/home/theo/projects/wasabi/pico/pico-sdk/src/rp2_common/pico_standard_binary_info/standard_binary_info.c.o
 .binary_info.keep.__bi_ptr54
                0x1000ac68        0x4 CMakeFiles/motCon.dir/home/theo/projects/wasabi/pico/pico-sdk/src/rp2_common/pico_standard_binary_info/standard_binary_info.c.o
 .binary_info.keep.__bi_ptr48
                0x1000ac6c        0x4 CMakeFiles/motCon.dir/home/theo/projects/wasabi/pico/pico-sdk/src/rp2_common/pico_standard_binary_info/standard_binary_info.c.o
 .binary_info.keep.__bi_ptr42
                0x1000ac70        0x4 CMakeFiles/motCon.dir/home/theo/projects/wasabi/pico/pico-sdk/src/rp2_common/pico_standard_binary_info/standard_binary_info.c.o
 .binary_info.keep.__bi_ptr34
                0x1000ac74        0x4 CMakeFiles/motCon.dir/home/theo/projects/wasabi/pico/pico-sdk/src/rp2_common/pico_standard_binary_info/standard_binary_info.c.o
 .binary_info.keep.__bi_ptr26
                0x1000ac78        0x4 CMakeFiles/motCon.dir/home/theo/projects/wasabi/pico/pico-sdk/src/rp2_common/pico_standard_binary_info/standard_binary_info.c.o
 *(.binary_info.*)
 .binary_info.__bi_ptr50
                0x1000ac7c        0x4 CMakeFiles/motCon.dir/home/theo/projects/wasabi/pico/pico-sdk/src/rp2_common/pico_stdio_uart/stdio_uart.c.o
 .binary_info.__bi_ptr49
                0x1000ac80        0x4 CMakeFiles/motCon.dir/home/theo/projects/wasabi/pico/pico-sdk/src/rp2_common/pico_stdio_uart/stdio_uart.c.o
 .binary_info.__bi_ptr45
                0x1000ac84        0x4 CMakeFiles/motCon.dir/home/theo/projects/wasabi/pico/pico-sdk/src/rp2_common/pico_stdio_uart/stdio_uart.c.o
                0x1000ac88                        __binary_info_end = .

.rel.dyn        0x1000ac88        0x0
 .rel.iplt      0x1000ac88        0x0 /usr/lib/gcc/arm-none-eabi/13.2.1/thumb/v6-m/nofp/crtbegin.o
                0x1000ac88                        . = ALIGN (0x4)

.ram_vector_table
                0x20000000       0xc0
 *(.ram_vector_table)
 .ram_vector_table
                0x20000000       0xc0 CMakeFiles/motCon.dir/home/theo/projects/wasabi/pico/pico-sdk/src/rp2_common/pico_runtime_init/runtime_init.c.o
                0x20000000                ram_vector_table

.uninitialized_data
                0x200000c0        0x0
                0x200000c0                        . = ALIGN (0x4)
 *(.uninitialized_data*)

.data           0x200000c0      0x830 load address 0x1000ac88
                0x200000c0                        __data_start__ = .
 *(vtable)
 *(.time_critical*)
 .time_critical.mutex_try_enter_block_until
                0x200000c0       0x9c CMakeFiles/motCon.dir/home/theo/projects/wasabi/pico/pico-sdk/src/common/pico_sync/mutex.c.o
                0x200000c0                mutex_try_enter_block_until
 .time_critical.mutex_exit
                0x2000015c       0x28 CMakeFiles/motCon.dir/home/theo/projects/wasabi/pico/pico-sdk/src/common/pico_sync/mutex.c.o
                0x2000015c                mutex_exit
 *(.text*)
 .text          0x20000184        0x4 /usr/lib/gcc/arm-none-eabi/13.2.1/thumb/v6-m/nofp/libgcc.a(_dvmd_tls.o)
                0x20000184                __aeabi_ldiv0
                0x20000184                __aeabi_idiv0
 .text.__stub   0x20000188       0x10 linker stubs
                0x20000198                        . = ALIGN (0x4)
 *(.rodata*)
                0x20000198                        . = ALIGN (0x4)
 *(.data*)
 .data.striped_spin_lock_num
                0x20000198        0x1 CMakeFiles/motCon.dir/home/theo/projects/wasabi/pico/pico-sdk/src/rp2_common/hardware_sync/sync.c.o
 *fill*         0x20000199        0x3 
 .data          0x2000019c       0x48 CMakeFiles/motCon.dir/home/theo/projects/wasabi/pico/pico-sdk/src/rp2_common/hardware_irq/irq_handler_chain.S.o
                0x2000019c                irq_handler_chain_slots
                0x200001cc                irq_handler_chain_first_slot
                0x200001d6                irq_handler_chain_remove_tail
 .data.default_alarm_pool
                0x200001e4       0x18 CMakeFiles/motCon.dir/home/theo/projects/wasabi/pico/pico-sdk/src/common/pico_time/time.c.o
 *fill*         0x200001fc        0x4 
 .data.aeabi_bits_funcs
                0x20000200       0x10 CMakeFiles/motCon.dir/home/theo/projects/wasabi/pico/pico-sdk/src/rp2_common/pico_bit_ops/bit_ops_aeabi.S.o
                0x20000200                aeabi_bits_funcs
                0x20000210                aeabi_bits_funcs_end
 .data.aeabi_mem_funcs
                0x20000210       0x10 CMakeFiles/motCon.dir/home/theo/projects/wasabi/pico/pico-sdk/src/rp2_common/pico_mem_ops/mem_ops_aeabi.S.o
                0x20000210                aeabi_mem_funcs
                0x20000220                aeabi_mem_funcs_end
 .data.stdio_uart
                0x20000220       0x18 CMakeFiles/motCon.dir/home/theo/projects/wasabi/pico/pico-sdk/src/rp2_common/pico_stdio_uart/stdio_uart.c.o
                0x20000220                stdio_uart
 .data          0x20000238      0x128 /usr/lib/gcc/arm-none-eabi/13.2.1/../../../arm-none-eabi/lib/thumb/v6-m/nofp/libg.a(libc_a-impure.o)
                0x20000238                _impure_ptr
                0x20000240                _impure_data
 .data          0x20000360      0x410 /usr/lib/gcc/arm-none-eabi/13.2.1/../../../arm-none-eabi/lib/thumb/v6-m/nofp/libg.a(libc_a-mallocr.o)
                0x20000360                __malloc_sbrk_base
                0x20000364                __malloc_trim_threshold
                0x20000368                __malloc_av_
 .data          0x20000770        0xc /usr/lib/gcc/arm-none-eabi/13.2.1/../../../arm-none-eabi/lib/thumb/v6-m/nofp/libg.a(libc_a-findfp.o)
                0x20000770                __sglue
 .data          0x2000077c      0x16c /usr/lib/gcc/arm-none-eabi/13.2.1/../../../arm-none-eabi/lib/thumb/v6-m/nofp/libg.a(libc_a-locale.o)
                0x2000077c                __global_locale
                0x200008e8                        . = ALIGN (0x4)
 *(.after_data.*)
                0x200008e8                        . = ALIGN (0x4)
                0x200008e8                        PROVIDE (__mutex_array_start = .)
 *(SORT_BY_NAME(.mutex_array.*))
 *(.mutex_array)
 .mutex_array   0x200008e8        0x8 CMakeFiles/motCon.dir/home/theo/projects/wasabi/pico/pico-sdk/src/rp2_common/pico_stdio/stdio.c.o
                0x200008f0                        PROVIDE (__mutex_array_end = .)
                0x200008f0                        . = ALIGN (0x4)
 *(.jcr)
                0x200008f0                        . = ALIGN (0x4)

.tm_clone_table
                0x200008f0        0x0 load address 0x1000b4b8
 .tm_clone_table
                0x200008f0        0x0 /usr/lib/gcc/arm-none-eabi/13.2.1/thumb/v6-m/nofp/crtbegin.o
 .tm_clone_table
                0x200008f0        0x0 /usr/lib/gcc/arm-none-eabi/13.2.1/thumb/v6-m/nofp/crtend.o

.igot.plt       0x200008f0        0x0 load address 0x1000b4b8
 .igot.plt      0x200008f0        0x0 /usr/lib/gcc/arm-none-eabi/13.2.1/thumb/v6-m/nofp/crtbegin.o

.tdata          0x200008f0        0x0 load address 0x1000b4b8
                0x200008f0                        . = ALIGN (0x4)
 *(.tdata .tdata.* .gnu.linkonce.td.*)
                0x200008f0                        __tdata_end = .
                0x200008f0                        PROVIDE (__data_end__ = .)
                0x1000ac88                        __etext = LOADADDR (.data)

.tbss           0x200008f0        0x0 load address 0x1000b4b8
                0x200008f0                        . = ALIGN (0x4)
                0x200008f0                        __bss_start__ = .
                0x200008f0                        __tls_base = .
 *(.tbss .tbss.* .gnu.linkonce.tb.*)
 *(.tcommon)
                0x200008f0                        __tls_end = .

.bss            0x200008f0      0x70c load address 0x1000b4b8
                0x200008f0                        . = ALIGN (0x4)
                0x200008f0                        __tbss_end = .
 *(SORT_BY_ALIGNMENT(SORT_BY_NAME(.bss*)))
 .bss.default_alarm_pool_entries
                0x200008f0      0x180 CMakeFiles/motCon.dir/home/theo/projects/wasabi/pico/pico-sdk/src/common/pico_time/time.c.o
 .bss.sd_table  0x20000a70      0x100 CMakeFiles/motCon.dir/home/theo/projects/wasabi/pico/pico-sdk/src/rp2_common/pico_double/double_init_rom_rp2040.c.o
                0x20000a70                sd_table
 .bss.sf_table  0x20000b70      0x100 CMakeFiles/motCon.dir/home/theo/projects/wasabi/pico/pico-sdk/src/rp2_common/pico_float/float_init_rom_rp2040.c.o
                0x20000b70                sf_table
 .bss           0x20000c70       0x1c /usr/lib/gcc/arm-none-eabi/13.2.1/thumb/v6-m/nofp/crtbegin.o
 .bss           0x20000c8c       0x34 /usr/lib/gcc/arm-none-eabi/13.2.1/../../../arm-none-eabi/lib/thumb/v6-m/nofp/libg.a(libc_a-mallocr.o)
                0x20000c8c                __malloc_top_pad
                0x20000c90                __malloc_current_mallinfo
                0x20000cb8                __malloc_max_sbrked_mem
                0x20000cbc                __malloc_max_total_mem
 .bss           0x20000cc0      0x13c /usr/lib/gcc/arm-none-eabi/13.2.1/../../../arm-none-eabi/lib/thumb/v6-m/nofp/libg.a(libc_a-findfp.o)
                0x20000cc0                __stdio_exit_handler
                0x20000cc4                __sf
 .bss           0x20000dfc        0x4 /usr/lib/gcc/arm-none-eabi/13.2.1/../../../arm-none-eabi/lib/thumb/v6-m/nofp/libg.a(libc_a-reent.o)
                0x20000dfc                errno
 .bss           0x20000e00      0x190 /usr/lib/gcc/arm-none-eabi/13.2.1/../../../arm-none-eabi/lib/thumb/v6-m/nofp/libg.a(libc_a-__atexit.o)
                0x20000e00                __atexit0
 .bss           0x20000f90        0x4 /usr/lib/gcc/arm-none-eabi/13.2.1/../../../arm-none-eabi/lib/thumb/v6-m/nofp/libg.a(libc_a-__call_atexit.o)
                0x20000f90                __atexit
 .bss.chars_available_callback
                0x20000f94        0x4 CMakeFiles/motCon.dir/home/theo/projects/wasabi/pico/pico-sdk/src/rp2_common/pico_stdio_uart/stdio_uart.c.o
 .bss.chars_available_param
                0x20000f98        0x4 CMakeFiles/motCon.dir/home/theo/projects/wasabi/pico/pico-sdk/src/rp2_common/pico_stdio_uart/stdio_uart.c.o
 .bss.claimed   0x20000f9c        0x1 CMakeFiles/motCon.dir/home/theo/projects/wasabi/pico/pico-sdk/src/rp2_common/hardware_timer/timer.c.o
 *fill*         0x20000f9d        0x3 
 .bss.configured_freq
                0x20000fa0       0x28 CMakeFiles/motCon.dir/home/theo/projects/wasabi/pico/pico-sdk/src/rp2_common/hardware_clocks/clocks.c.o
 .bss.drivers   0x20000fc8        0x4 CMakeFiles/motCon.dir/home/theo/projects/wasabi/pico/pico-sdk/src/rp2_common/pico_stdio/stdio.c.o
 .bss.filter    0x20000fcc        0x4 CMakeFiles/motCon.dir/home/theo/projects/wasabi/pico/pico-sdk/src/rp2_common/pico_stdio/stdio.c.o
 .bss.heap_end.0
                0x20000fd0        0x4 CMakeFiles/motCon.dir/home/theo/projects/wasabi/pico/pico-sdk/src/rp2_common/pico_clib_interface/newlib_interface.c.o
 .bss.lazy_vsnprintf
                0x20000fd4        0x4 CMakeFiles/motCon.dir/home/theo/projects/wasabi/pico/pico-sdk/src/rp2_common/pico_printf/printf.c.o
 .bss.pools     0x20000fd8       0x10 CMakeFiles/motCon.dir/home/theo/projects/wasabi/pico/pico-sdk/src/common/pico_time/time.c.o
 .bss.sf_clz_func
                0x20000fe8        0x4 CMakeFiles/motCon.dir/home/theo/projects/wasabi/pico/pico-sdk/src/rp2_common/pico_double/double_init_rom_rp2040.c.o
                0x20000fe8                sf_clz_func
 .bss.sleep_notifier
                0x20000fec        0x4 CMakeFiles/motCon.dir/home/theo/projects/wasabi/pico/pico-sdk/src/common/pico_time/time.c.o
 .bss.uart_char_to_line_feed
                0x20000ff0        0x4 CMakeFiles/motCon.dir/home/theo/projects/wasabi/pico/pico-sdk/src/rp2_common/hardware_uart/uart.c.o
                0x20000ff0                uart_char_to_line_feed
 .bss.uart_instance
                0x20000ff4        0x4 CMakeFiles/motCon.dir/home/theo/projects/wasabi/pico/pico-sdk/src/rp2_common/pico_stdio_uart/stdio_uart.c.o
 .bss.irq_handler_chain_free_slot_head
                0x20000ff8        0x1 CMakeFiles/motCon.dir/home/theo/projects/wasabi/pico/pico-sdk/src/rp2_common/hardware_irq/irq.c.o
 *(COMMON)
                0x20000ffc                        . = ALIGN (0x4)
 *fill*         0x20000ff9        0x3 
                0x20000ffc                        __bss_end__ = .

.heap           0x20000ffc      0x800 load address 0x1000b4b8
                0x20000ffc                        __end__ = .
                0x20000ffc                        end = __end__
 *(.heap*)
 .heap          0x20000ffc      0x800 CMakeFiles/motCon.dir/home/theo/projects/wasabi/pico/pico-sdk/src/rp2_common/pico_crt0/crt0.S.o
                0x20040000                        __HeapLimit = (ORIGIN (RAM) + LENGTH (RAM))

.scratch_x      0x20040000        0x0 load address 0x1000b4b8
                0x20040000                        __scratch_x_start__ = .
 *(.scratch_x.*)
                0x20040000                        . = ALIGN (0x4)
                0x20040000                        __scratch_x_end__ = .
                0x1000b4b8                        __scratch_x_source__ = LOADADDR (.scratch_x)

.scratch_y      0x20041000        0x0 load address 0x1000b4b8
                0x20041000                        __scratch_y_start__ = .
 *(.scratch_y.*)
                0x20041000                        . = ALIGN (0x4)
                0x20041000                        __scratch_y_end__ = .
                0x1000b4b8                        __scratch_y_source__ = LOADADDR (.scratch_y)

.stack1_dummy
 *(.stack1*)

.stack_dummy    0x20041000      0x800
 *(.stack*)
 .stack         0x20041000      0x800 CMakeFiles/motCon.dir/home/theo/projects/wasabi/pico/pico-sdk/src/rp2_common/pico_crt0/crt0.S.o

.flash_end      0x1000b4b8        0x0
 *(.embedded_end_block*)
                0x1000b4b8                        PROVIDE (__flash_binary_end = .)
                0x20040000                        __StackLimit = (ORIGIN (RAM) + LENGTH (RAM))
                0x20041000                        __StackOneTop = (ORIGIN (SCRATCH_X) + LENGTH (SCRATCH_X))
                0x20042000                        __StackTop = (ORIGIN (SCRATCH_Y) + LENGTH (SCRATCH_Y))
                0x20041000                        __StackOneBottom = (__StackOneTop - SIZEOF (.stack1_dummy))
                0x20041800                        __StackBottom = (__StackTop - SIZEOF (.stack_dummy))
                0x20042000                        PROVIDE (__stack = __StackTop)
                [!provide]                        PROVIDE (__heap_start = __end__)
                [!provide]                        PROVIDE (__heap_end = __HeapLimit)
                [!provide]                        PROVIDE (__tls_align = MAX (ALIGNOF (.tdata), ALIGNOF (.tbss)))
                [!provide]                        PROVIDE (__tls_size_align = (((__tls_size + __tls_align) - 0x1) & ~ ((__tls_align - 0x1))))
                [!provide]                        PROVIDE (__arm32_tls_tcb_offset = MAX (0x8, __tls_align))
                [!provide]                        PROVIDE (_end = __end__)
                [!provide]                        PROVIDE (__llvm_libc_heap_limit = __HeapLimit)
                0x00000001                        ASSERT ((__StackLimit >= __HeapLimit), region RAM overflowed)
                0x00000001                        ASSERT (((__binary_info_header_end - __logical_binary_start) <= 0x100), Binary info must be in first 256 bytes of the binary)
LOAD CMakeFiles/motCon.dir/motCon.c.o
LOAD CMakeFiles/motCon.dir/home/theo/projects/wasabi/pico/pico-sdk/src/rp2_common/pico_stdlib/stdlib.c.o
LOAD CMakeFiles/motCon.dir/home/theo/projects/wasabi/pico/pico-sdk/src/rp2_common/hardware_gpio/gpio.c.o
LOAD CMakeFiles/motCon.dir/home/theo/projects/wasabi/pico/pico-sdk/src/rp2040/pico_platform/platform.c.o
LOAD CMakeFiles/motCon.dir/home/theo/projects/wasabi/pico/pico-sdk/src/rp2_common/pico_platform_panic/panic.c.o
LOAD CMakeFiles/motCon.dir/home/theo/projects/wasabi/pico/pico-sdk/src/common/hardware_claim/claim.c.o
LOAD CMakeFiles/motCon.dir/home/theo/projects/wasabi/pico/pico-sdk/src/rp2_common/hardware_sync/sync.c.o
LOAD CMakeFiles/motCon.dir/home/theo/projects/wasabi/pico/pico-sdk/src/rp2_common/hardware_sync_spin_lock/sync_spin_lock.c.o
LOAD CMakeFiles/motCon.dir/home/theo/projects/wasabi/pico/pico-sdk/src/rp2_common/hardware_irq/irq.c.o
LOAD CMakeFiles/motCon.dir/home/theo/projects/wasabi/pico/pico-sdk/src/rp2_common/hardware_irq/irq_handler_chain.S.o
LOAD CMakeFiles/motCon.dir/home/theo/projects/wasabi/pico/pico-sdk/src/common/pico_sync/sem.c.o
LOAD CMakeFiles/motCon.dir/home/theo/projects/wasabi/pico/pico-sdk/src/common/pico_sync/lock_core.c.o
LOAD CMakeFiles/motCon.dir/home/theo/projects/wasabi/pico/pico-sdk/src/common/pico_sync/mutex.c.o
LOAD CMakeFiles/motCon.dir/home/theo/projects/wasabi/pico/pico-sdk/src/common/pico_sync/critical_section.c.o
LOAD CMakeFiles/motCon.dir/home/theo/projects/wasabi/pico/pico-sdk/src/common/pico_time/time.c.o
LOAD CMakeFiles/motCon.dir/home/theo/projects/wasabi/pico/pico-sdk/src/common/pico_time/timeout_helper.c.o
LOAD CMakeFiles/motCon.dir/home/theo/projects/wasabi/pico/pico-sdk/src/rp2_common/hardware_timer/timer.c.o
LOAD CMakeFiles/motCon.dir/home/theo/projects/wasabi/pico/pico-sdk/src/common/pico_util/datetime.c.o
LOAD CMakeFiles/motCon.dir/home/theo/projects/wasabi/pico/pico-sdk/src/common/pico_util/pheap.c.o
LOAD CMakeFiles/motCon.dir/home/theo/projects/wasabi/pico/pico-sdk/src/common/pico_util/queue.c.o
LOAD CMakeFiles/motCon.dir/home/theo/projects/wasabi/pico/pico-sdk/src/rp2_common/hardware_uart/uart.c.o
LOAD CMakeFiles/motCon.dir/home/theo/projects/wasabi/pico/pico-sdk/src/rp2_common/hardware_clocks/clocks.c.o
LOAD CMakeFiles/motCon.dir/home/theo/projects/wasabi/pico/pico-sdk/src/rp2_common/hardware_pll/pll.c.o
LOAD CMakeFiles/motCon.dir/home/theo/projects/wasabi/pico/pico-sdk/src/rp2_common/hardware_vreg/vreg.c.o
LOAD CMakeFiles/motCon.dir/home/theo/projects/wasabi/pico/pico-sdk/src/rp2_common/hardware_watchdog/watchdog.c.o
LOAD CMakeFiles/motCon.dir/home/theo/projects/wasabi/pico/pico-sdk/src/rp2_common/hardware_ticks/ticks.c.o
LOAD CMakeFiles/motCon.dir/home/theo/projects/wasabi/pico/pico-sdk/src/rp2_common/pico_bootrom/bootrom.c.o
LOAD CMakeFiles/motCon.dir/home/theo/projects/wasabi/pico/pico-sdk/src/rp2_common/pico_bootrom/bootrom_lock.c.o
LOAD CMakeFiles/motCon.dir/home/theo/projects/wasabi/pico/pico-sdk/src/rp2_common/hardware_boot_lock/boot_lock.c.o
LOAD CMakeFiles/motCon.dir/home/theo/projects/wasabi/pico/pico-sdk/src/rp2_common/pico_flash/flash.c.o
LOAD CMakeFiles/motCon.dir/home/theo/projects/wasabi/pico/pico-sdk/src/rp2_common/hardware_xosc/xosc.c.o
LOAD CMakeFiles/motCon.dir/home/theo/projects/wasabi/pico/pico-sdk/src/rp2_common/hardware_divider/divider.S.o
LOAD CMakeFiles/motCon.dir/home/theo/projects/wasabi/pico/pico-sdk/src/rp2_common/pico_runtime/runtime.c.o
LOAD CMakeFiles/motCon.dir/home/theo/projects/wasabi/pico/pico-sdk/src/rp2_common/pico_runtime_init/runtime_init.c.o
LOAD CMakeFiles/motCon.dir/home/theo/projects/wasabi/pico/pico-sdk/src/rp2_common/pico_runtime_init/runtime_init_clocks.c.o
LOAD CMakeFiles/motCon.dir/home/theo/projects/wasabi/pico/pico-sdk/src/rp2_common/pico_runtime_init/runtime_init_stack_guard.c.o
LOAD CMakeFiles/motCon.dir/home/theo/projects/wasabi/pico/pico-sdk/src/rp2_common/pico_bit_ops/bit_ops_aeabi.S.o
LOAD CMakeFiles/motCon.dir/home/theo/projects/wasabi/pico/pico-sdk/src/rp2_common/pico_divider/divider_hardware.S.o
LOAD CMakeFiles/motCon.dir/home/theo/projects/wasabi/pico/pico-sdk/src/rp2_common/pico_double/double_aeabi_rp2040.S.o
LOAD CMakeFiles/motCon.dir/home/theo/projects/wasabi/pico/pico-sdk/src/rp2_common/pico_double/double_init_rom_rp2040.c.o
LOAD CMakeFiles/motCon.dir/home/theo/projects/wasabi/pico/pico-sdk/src/rp2_common/pico_double/double_math.c.o
LOAD CMakeFiles/motCon.dir/home/theo/projects/wasabi/pico/pico-sdk/src/rp2_common/pico_double/double_v1_rom_shim_rp2040.S.o
LOAD CMakeFiles/motCon.dir/home/theo/projects/wasabi/pico/pico-sdk/src/rp2_common/pico_int64_ops/pico_int64_ops_aeabi.S.o
LOAD CMakeFiles/motCon.dir/home/theo/projects/wasabi/pico/pico-sdk/src/rp2_common/pico_float/float_aeabi_rp2040.S.o
LOAD CMakeFiles/motCon.dir/home/theo/projects/wasabi/pico/pico-sdk/src/rp2_common/pico_float/float_init_rom_rp2040.c.o
LOAD CMakeFiles/motCon.dir/home/theo/projects/wasabi/pico/pico-sdk/src/rp2_common/pico_float/float_math.c.o
LOAD CMakeFiles/motCon.dir/home/theo/projects/wasabi/pico/pico-sdk/src/rp2_common/pico_float/float_v1_rom_shim_rp2040.S.o
LOAD CMakeFiles/motCon.dir/home/theo/projects/wasabi/pico/pico-sdk/src/rp2_common/pico_malloc/malloc.c.o
LOAD CMakeFiles/motCon.dir/home/theo/projects/wasabi/pico/pico-sdk/src/rp2_common/pico_mem_ops/mem_ops_aeabi.S.o
LOAD CMakeFiles/motCon.dir/home/theo/projects/wasabi/pico/pico-sdk/src/rp2_common/pico_atomic/atomic.c.o
LOAD CMakeFiles/motCon.dir/home/theo/projects/wasabi/pico/pico-sdk/src/rp2_common/pico_cxx_options/new_delete.cpp.o
LOAD CMakeFiles/motCon.dir/home/theo/projects/wasabi/pico/pico-sdk/src/rp2_common/pico_standard_binary_info/standard_binary_info.c.o
LOAD CMakeFiles/motCon.dir/home/theo/projects/wasabi/pico/pico-sdk/src/rp2_common/pico_printf/printf.c.o
LOAD CMakeFiles/motCon.dir/home/theo/projects/wasabi/pico/pico-sdk/src/rp2_common/pico_crt0/crt0.S.o
LOAD CMakeFiles/motCon.dir/home/theo/projects/wasabi/pico/pico-sdk/src/rp2_common/pico_clib_interface/newlib_interface.c.o
LOAD CMakeFiles/motCon.dir/home/theo/projects/wasabi/pico/pico-sdk/src/rp2_common/pico_stdio/stdio.c.o
LOAD CMakeFiles/motCon.dir/home/theo/projects/wasabi/pico/pico-sdk/src/rp2_common/pico_stdio_uart/stdio_uart.c.o
LOAD pico-sdk/src/rp2040/boot_stage2/CMakeFiles/bs2_default_library.dir/bs2_default_padded_checksummed.S.o
LOAD /usr/lib/gcc/arm-none-eabi/13.2.1/../../../arm-none-eabi/lib/thumb/v6-m/nofp/libstdc++.a
LOAD /usr/lib/gcc/arm-none-eabi/13.2.1/../../../arm-none-eabi/lib/thumb/v6-m/nofp/libm.a
START GROUP
LOAD /usr/lib/gcc/arm-none-eabi/13.2.1/thumb/v6-m/nofp/libgcc.a
LOAD /usr/lib/gcc/arm-none-eabi/13.2.1/../../../arm-none-eabi/lib/thumb/v6-m/nofp/libg.a
LOAD /usr/lib/gcc/arm-none-eabi/13.2.1/../../../arm-none-eabi/lib/thumb/v6-m/nofp/libc.a
END GROUP
START GROUP
LOAD /usr/lib/gcc/arm-none-eabi/13.2.1/thumb/v6-m/nofp/libgcc.a
LOAD /usr/lib/gcc/arm-none-eabi/13.2.1/../../../arm-none-eabi/lib/thumb/v6-m/nofp/libc.a
LOAD /usr/lib/gcc/arm-none-eabi/13.2.1/../../../arm-none-eabi/lib/thumb/v6-m/nofp/libnosys.a
END GROUP
LOAD /usr/lib/gcc/arm-none-eabi/13.2.1/thumb/v6-m/nofp/crtend.o
LOAD /usr/lib/gcc/arm-none-eabi/13.2.1/thumb/v6-m/nofp/crtn.o
OUTPUT(motCon.elf elf32-littlearm)
LOAD linker stubs

.ARM.attributes
                0x00000000       0x28
 .ARM.attributes
                0x00000000       0x1e /usr/lib/gcc/arm-none-eabi/13.2.1/thumb/v6-m/nofp/crti.o
 .ARM.attributes
                0x0000001e       0x2c /usr/lib/gcc/arm-none-eabi/13.2.1/thumb/v6-m/nofp/crtbegin.o
 .ARM.attributes
                0x0000004a       0x2c CMakeFiles/motCon.dir/motCon.c.o
 .ARM.attributes
                0x00000076       0x2c CMakeFiles/motCon.dir/home/theo/projects/wasabi/pico/pico-sdk/src/rp2_common/hardware_gpio/gpio.c.o
 .ARM.attributes
                0x000000a2       0x2c CMakeFiles/motCon.dir/home/theo/projects/wasabi/pico/pico-sdk/src/rp2_common/pico_platform_panic/panic.c.o
 .ARM.attributes
                0x000000ce       0x2c CMakeFiles/motCon.dir/home/theo/projects/wasabi/pico/pico-sdk/src/common/hardware_claim/claim.c.o
 .ARM.attributes
                0x000000fa       0x2c CMakeFiles/motCon.dir/home/theo/projects/wasabi/pico/pico-sdk/src/rp2_common/hardware_sync/sync.c.o
 .ARM.attributes
                0x00000126       0x2c CMakeFiles/motCon.dir/home/theo/projects/wasabi/pico/pico-sdk/src/rp2_common/hardware_sync_spin_lock/sync_spin_lock.c.o
 .ARM.attributes
                0x00000152       0x2c CMakeFiles/motCon.dir/home/theo/projects/wasabi/pico/pico-sdk/src/rp2_common/hardware_irq/irq.c.o
 .ARM.attributes
                0x0000017e       0x22 CMakeFiles/motCon.dir/home/theo/projects/wasabi/pico/pico-sdk/src/rp2_common/hardware_irq/irq_handler_chain.S.o
 .ARM.attributes
                0x000001a0       0x2c CMakeFiles/motCon.dir/home/theo/projects/wasabi/pico/pico-sdk/src/common/pico_sync/lock_core.c.o
 .ARM.attributes
                0x000001cc       0x2c CMakeFiles/motCon.dir/home/theo/projects/wasabi/pico/pico-sdk/src/common/pico_sync/mutex.c.o
 .ARM.attributes
                0x000001f8       0x2c CMakeFiles/motCon.dir/home/theo/projects/wasabi/pico/pico-sdk/src/common/pico_time/time.c.o
 .ARM.attributes
                0x00000224       0x2c CMakeFiles/motCon.dir/home/theo/projects/wasabi/pico/pico-sdk/src/rp2_common/hardware_timer/timer.c.o
 .ARM.attributes
                0x00000250       0x2c CMakeFiles/motCon.dir/home/theo/projects/wasabi/pico/pico-sdk/src/rp2_common/hardware_uart/uart.c.o
 .ARM.attributes
                0x0000027c       0x2c CMakeFiles/motCon.dir/home/theo/projects/wasabi/pico/pico-sdk/src/rp2_common/hardware_clocks/clocks.c.o
 .ARM.attributes
                0x000002a8       0x2c CMakeFiles/motCon.dir/home/theo/projects/wasabi/pico/pico-sdk/src/rp2_common/hardware_pll/pll.c.o
 .ARM.attributes
                0x000002d4       0x2c CMakeFiles/motCon.dir/home/theo/projects/wasabi/pico/pico-sdk/src/rp2_common/hardware_ticks/ticks.c.o
 .ARM.attributes
                0x00000300       0x2c CMakeFiles/motCon.dir/home/theo/projects/wasabi/pico/pico-sdk/src/rp2_common/pico_bootrom/bootrom.c.o
 .ARM.attributes
                0x0000032c       0x2c CMakeFiles/motCon.dir/home/theo/projects/wasabi/pico/pico-sdk/src/rp2_common/hardware_xosc/xosc.c.o
 .ARM.attributes
                0x00000358       0x2c CMakeFiles/motCon.dir/home/theo/projects/wasabi/pico/pico-sdk/src/rp2_common/pico_runtime/runtime.c.o
 .ARM.attributes
                0x00000384       0x2c CMakeFiles/motCon.dir/home/theo/projects/wasabi/pico/pico-sdk/src/rp2_common/pico_runtime_init/runtime_init.c.o
 .ARM.attributes
                0x000003b0       0x2c CMakeFiles/motCon.dir/home/theo/projects/wasabi/pico/pico-sdk/src/rp2_common/pico_runtime_init/runtime_init_clocks.c.o
 .ARM.attributes
                0x000003dc       0x22 CMakeFiles/motCon.dir/home/theo/projects/wasabi/pico/pico-sdk/src/rp2_common/pico_bit_ops/bit_ops_aeabi.S.o
 .ARM.attributes
                0x000003fe       0x22 CMakeFiles/motCon.dir/home/theo/projects/wasabi/pico/pico-sdk/src/rp2_common/pico_divider/divider_hardware.S.o
 .ARM.attributes
                0x00000420       0x22 CMakeFiles/motCon.dir/home/theo/projects/wasabi/pico/pico-sdk/src/rp2_common/pico_double/double_aeabi_rp2040.S.o
 .ARM.attributes
                0x00000442       0x2c CMakeFiles/motCon.dir/home/theo/projects/wasabi/pico/pico-sdk/src/rp2_common/pico_double/double_init_rom_rp2040.c.o
 .ARM.attributes
                0x0000046e       0x22 CMakeFiles/motCon.dir/home/theo/projects/wasabi/pico/pico-sdk/src/rp2_common/pico_double/double_v1_rom_shim_rp2040.S.o
 .ARM.attributes
                0x00000490       0x22 CMakeFiles/motCon.dir/home/theo/projects/wasabi/pico/pico-sdk/src/rp2_common/pico_int64_ops/pico_int64_ops_aeabi.S.o
 .ARM.attributes
                0x000004b2       0x22 CMakeFiles/motCon.dir/home/theo/projects/wasabi/pico/pico-sdk/src/rp2_common/pico_float/float_aeabi_rp2040.S.o
 .ARM.attributes
                0x000004d4       0x2c CMakeFiles/motCon.dir/home/theo/projects/wasabi/pico/pico-sdk/src/rp2_common/pico_float/float_init_rom_rp2040.c.o
 .ARM.attributes
                0x00000500       0x22 CMakeFiles/motCon.dir/home/theo/projects/wasabi/pico/pico-sdk/src/rp2_common/pico_float/float_v1_rom_shim_rp2040.S.o
 .ARM.attributes
                0x00000522       0x22 CMakeFiles/motCon.dir/home/theo/projects/wasabi/pico/pico-sdk/src/rp2_common/pico_mem_ops/mem_ops_aeabi.S.o
 .ARM.attributes
                0x00000544       0x2c CMakeFiles/motCon.dir/home/theo/projects/wasabi/pico/pico-sdk/src/rp2_common/pico_standard_binary_info/standard_binary_info.c.o
 .ARM.attributes
                0x00000570       0x2c CMakeFiles/motCon.dir/home/theo/projects/wasabi/pico/pico-sdk/src/rp2_common/pico_printf/printf.c.o
 .ARM.attributes
                0x0000059c       0x22 CMakeFiles/motCon.dir/home/theo/projects/wasabi/pico/pico-sdk/src/rp2_common/pico_crt0/crt0.S.o
 .ARM.attributes
                0x000005be       0x2c CMakeFiles/motCon.dir/home/theo/projects/wasabi/pico/pico-sdk/src/rp2_common/pico_clib_interface/newlib_interface.c.o
 .ARM.attributes
                0x000005ea       0x2c CMakeFiles/motCon.dir/home/theo/projects/wasabi/pico/pico-sdk/src/rp2_common/pico_stdio/stdio.c.o
 .ARM.attributes
                0x00000616       0x2c CMakeFiles/motCon.dir/home/theo/projects/wasabi/pico/pico-sdk/src/rp2_common/pico_stdio_uart/stdio_uart.c.o
 .ARM.attributes
                0x00000642       0x22 pico-sdk/src/rp2040/boot_stage2/CMakeFiles/bs2_default_library.dir/bs2_default_padded_checksummed.S.o
 .ARM.attributes
                0x00000664       0x1e /usr/lib/gcc/arm-none-eabi/13.2.1/thumb/v6-m/nofp/libgcc.a(_dvmd_tls.o)
 .ARM.attributes
                0x00000682       0x2c /usr/lib/gcc/arm-none-eabi/13.2.1/../../../arm-none-eabi/lib/thumb/v6-m/nofp/libg.a(libc_a-impure.o)
 .ARM.attributes
                0x000006ae       0x2c /usr/lib/gcc/arm-none-eabi/13.2.1/../../../arm-none-eabi/lib/thumb/v6-m/nofp/libg.a(libc_a-callocr.o)
 .ARM.attributes
                0x000006da       0x2c /usr/lib/gcc/arm-none-eabi/13.2.1/../../../arm-none-eabi/lib/thumb/v6-m/nofp/libg.a(libc_a-mallocr.o)
 .ARM.attributes
                0x00000706       0x2c /usr/lib/gcc/arm-none-eabi/13.2.1/../../../arm-none-eabi/lib/thumb/v6-m/nofp/libg.a(libc_a-freer.o)
 .ARM.attributes
                0x00000732       0x2c /usr/lib/gcc/arm-none-eabi/13.2.1/../../../arm-none-eabi/lib/thumb/v6-m/nofp/libg.a(libc_a-sysconf.o)
 .ARM.attributes
                0x0000075e       0x2c /usr/lib/gcc/arm-none-eabi/13.2.1/../../../arm-none-eabi/lib/thumb/v6-m/nofp/libg.a(libc_a-reallocr.o)
 .ARM.attributes
                0x0000078a       0x2c /usr/lib/gcc/arm-none-eabi/13.2.1/../../../arm-none-eabi/lib/thumb/v6-m/nofp/libg.a(libc_a-mlock.o)
 .ARM.attributes
                0x000007b6       0x2c /usr/lib/gcc/arm-none-eabi/13.2.1/../../../arm-none-eabi/lib/thumb/v6-m/nofp/libg.a(libc_a-findfp.o)
 .ARM.attributes
                0x000007e2       0x2c /usr/lib/gcc/arm-none-eabi/13.2.1/../../../arm-none-eabi/lib/thumb/v6-m/nofp/libg.a(libc_a-scanf.o)
 .ARM.attributes
                0x0000080e       0x2c /usr/lib/gcc/arm-none-eabi/13.2.1/../../../arm-none-eabi/lib/thumb/v6-m/nofp/libg.a(libc_a-atexit.o)
 .ARM.attributes
                0x0000083a       0x2c /usr/lib/gcc/arm-none-eabi/13.2.1/../../../arm-none-eabi/lib/thumb/v6-m/nofp/libg.a(libc_a-vfscanf.o)
 .ARM.attributes
                0x00000866       0x2c /usr/lib/gcc/arm-none-eabi/13.2.1/../../../arm-none-eabi/lib/thumb/v6-m/nofp/libg.a(libc_a-strlen-stub.o)
 .ARM.attributes
                0x00000892       0x2c /usr/lib/gcc/arm-none-eabi/13.2.1/../../../arm-none-eabi/lib/thumb/v6-m/nofp/libg.a(libc_a-sbrkr.o)
 .ARM.attributes
                0x000008be       0x2c /usr/lib/gcc/arm-none-eabi/13.2.1/../../../arm-none-eabi/lib/thumb/v6-m/nofp/libg.a(libc_a-ungetc.o)
 .ARM.attributes
                0x000008ea       0x2c /usr/lib/gcc/arm-none-eabi/13.2.1/../../../arm-none-eabi/lib/thumb/v6-m/nofp/libg.a(libc_a-fini.o)
 .ARM.attributes
                0x00000916       0x2c /usr/lib/gcc/arm-none-eabi/13.2.1/../../../arm-none-eabi/lib/thumb/v6-m/nofp/libg.a(libm_a-sf_nan.o)
 .ARM.attributes
                0x00000942       0x2c /usr/lib/gcc/arm-none-eabi/13.2.1/../../../arm-none-eabi/lib/thumb/v6-m/nofp/libg.a(libc_a-strtoll.o)
 .ARM.attributes
                0x0000096e       0x2c /usr/lib/gcc/arm-none-eabi/13.2.1/../../../arm-none-eabi/lib/thumb/v6-m/nofp/libg.a(libc_a-fread.o)
 .ARM.attributes
                0x0000099a       0x2c /usr/lib/gcc/arm-none-eabi/13.2.1/../../../arm-none-eabi/lib/thumb/v6-m/nofp/libg.a(libc_a-sccl.o)
 .ARM.attributes
                0x000009c6       0x2c /usr/lib/gcc/arm-none-eabi/13.2.1/../../../arm-none-eabi/lib/thumb/v6-m/nofp/libg.a(libc_a-fwalk.o)
 .ARM.attributes
                0x000009f2       0x2c /usr/lib/gcc/arm-none-eabi/13.2.1/../../../arm-none-eabi/lib/thumb/v6-m/nofp/libg.a(libc_a-localeconv.o)
 .ARM.attributes
                0x00000a1e       0x2c /usr/lib/gcc/arm-none-eabi/13.2.1/../../../arm-none-eabi/lib/thumb/v6-m/nofp/libg.a(libc_a-strtod.o)
 .ARM.attributes
                0x00000a4a       0x2c /usr/lib/gcc/arm-none-eabi/13.2.1/../../../arm-none-eabi/lib/thumb/v6-m/nofp/libg.a(libc_a-locale.o)
 .ARM.attributes